Exp-KWS/WGIDX_test/270_r1_l03_p.idx
Exp-KWS/WGIDX_test/270_r1_l17_p.idx
Exp-KWS/WGIDX_test/270_r1_l19_p.idx
Exp-KWS/WGIDX_test/272_r1_l05_p.idx
Exp-KWS/WGIDX_test/272_r1_l21_p.idx
Exp-KWS/WGIDX_test/272_r1_l30_p.idx
Exp-KWS/WGIDX_test/272_r1_l31_p.idx
Exp-KWS/WGIDX_test/273_r1_l01_p.idx
Exp-KWS/WGIDX_test/273_r1_l19_p.idx
Exp-KWS/WGIDX_test/274_r1_l11_p.idx
Exp-KWS/WGIDX_test/274_r1_l24_p.idx
Exp-KWS/WGIDX_test/275_r1_l07_p.idx
Exp-KWS/WGIDX_test/275_r1_l19_p.idx
Exp-KWS/WGIDX_test/275_r1_l20_p.idx
Exp-KWS/WGIDX_test/275_r1_l27_p.idx
Exp-KWS/WGIDX_test/276_r0_l04_p.idx
Exp-KWS/WGIDX_test/276_r0_l24_p.idx
Exp-KWS/WGIDX_test/276_r0_l26_p.idx
Exp-KWS/WGIDX_test/277_r1_l10_p.idx
Exp-KWS/WGIDX_test/277_r1_l13_p.idx
Exp-KWS/WGIDX_test/278_r1_l02_p.idx
Exp-KWS/WGIDX_test/278_r1_l05_p.idx
Exp-KWS/WGIDX_test/279_r1_l06_p.idx
Exp-KWS/WGIDX_test/279_r1_l14_p.idx
Exp-KWS/WGIDX_test/279_r1_l20_p.idx
Exp-KWS/WGIDX_test/300_r0_l15_p.idx
Exp-KWS/WGIDX_test/300_r0_l19_p.idx
Exp-KWS/WGIDX_test/301_r0_l04_p.idx
Exp-KWS/WGIDX_test/302_r1_l11_p.idx
Exp-KWS/WGIDX_test/303_r0_l03_p.idx
Exp-KWS/WGIDX_test/304_r1_l00_p.idx
Exp-KWS/WGIDX_test/305_r0_l08_p.idx
Exp-KWS/WGIDX_test/305_r0_l12_p.idx
Exp-KWS/WGIDX_test/305_r0_l31_p.idx
Exp-KWS/WGIDX_test/306_r1_l03_p.idx
Exp-KWS/WGIDX_test/306_r1_l31_p.idx
Exp-KWS/WGIDX_test/307_r1_l04_p.idx
Exp-KWS/WGIDX_test/308_r0_l21_p.idx
Exp-KWS/WGIDX_test/308_r0_l27_p.idx
Exp-KWS/WGIDX_test/308_r0_l31_p.idx
