]633;E;for file in `cat data/lists/test.lst `;a3f47815-fd75-45ba-900c-0ac9e4360b9b]633;CExp-KWS/WGIDX/270_r1_l03_p.idx
Exp-KWS/WGIDX/270_r1_l17_p.idx
Exp-KWS/WGIDX/270_r1_l19_p.idx
Exp-KWS/WGIDX/272_r1_l05_p.idx
Exp-KWS/WGIDX/272_r1_l21_p.idx
Exp-KWS/WGIDX/272_r1_l30_p.idx
Exp-KWS/WGIDX/272_r1_l31_p.idx
Exp-KWS/WGIDX/273_r1_l01_p.idx
Exp-KWS/WGIDX/273_r1_l19_p.idx
Exp-KWS/WGIDX/274_r1_l11_p.idx
Exp-KWS/WGIDX/274_r1_l24_p.idx
Exp-KWS/WGIDX/275_r1_l07_p.idx
Exp-KWS/WGIDX/275_r1_l19_p.idx
Exp-KWS/WGIDX/275_r1_l20_p.idx
Exp-KWS/WGIDX/275_r1_l27_p.idx
Exp-KWS/WGIDX/276_r0_l04_p.idx
Exp-KWS/WGIDX/276_r0_l24_p.idx
Exp-KWS/WGIDX/276_r0_l26_p.idx
Exp-KWS/WGIDX/277_r1_l10_p.idx
Exp-KWS/WGIDX/277_r1_l13_p.idx
Exp-KWS/WGIDX/278_r1_l02_p.idx
Exp-KWS/WGIDX/278_r1_l05_p.idx
Exp-KWS/WGIDX/279_r1_l06_p.idx
Exp-KWS/WGIDX/279_r1_l14_p.idx
Exp-KWS/WGIDX/279_r1_l20_p.idx
Exp-KWS/WGIDX/300_r0_l15_p.idx
Exp-KWS/WGIDX/300_r0_l19_p.idx
Exp-KWS/WGIDX/301_r0_l04_p.idx
Exp-KWS/WGIDX/302_r1_l11_p.idx
Exp-KWS/WGIDX/303_r0_l03_p.idx
Exp-KWS/WGIDX/304_r1_l00_p.idx
Exp-KWS/WGIDX/305_r0_l08_p.idx
Exp-KWS/WGIDX/305_r0_l12_p.idx
Exp-KWS/WGIDX/305_r0_l31_p.idx
Exp-KWS/WGIDX/306_r1_l03_p.idx
Exp-KWS/WGIDX/306_r1_l31_p.idx
Exp-KWS/WGIDX/307_r1_l04_p.idx
Exp-KWS/WGIDX/308_r0_l21_p.idx
Exp-KWS/WGIDX/308_r0_l27_p.idx
Exp-KWS/WGIDX/308_r0_l31_p.idx
