276_r0_l04 have cattle delivered here etc. by the 1st. of next
276_r0_l24 the eight men with him are to join (as soon as
276_r0_l26 which captain waggener commands at present; -
300_r0_l15 rer for the balance of that ten thousand
300_r0_l19 informing me that all was peaceable
301_r0_l04 submit to the command of captain dag -
303_r0_l03 proper dispositions and seeing that all our necef -
305_r0_l08 can be had here nor in short i believe in the
305_r0_l12 maryland as well as this part of virginia and
305_r0_l31 must endeavour to purchase it upon the best
308_r0_l21 december 16th. 1755.
308_r0_l27 your chest and proceeding yourself to winches -
308_r0_l31 care to purchase no more than is absolutely
