Exp-KWS/WGIDX/pages_esc/Rodrigo_00004
Exp-KWS/WGIDX/pages_esc/Rodrigo_00006
Exp-KWS/WGIDX/pages_esc/Rodrigo_00008
Exp-KWS/WGIDX/pages_esc/Rodrigo_00009
Exp-KWS/WGIDX/pages_esc/Rodrigo_00010
Exp-KWS/WGIDX/pages_esc/Rodrigo_00011
Exp-KWS/WGIDX/pages_esc/Rodrigo_00012
Exp-KWS/WGIDX/pages_esc/Rodrigo_00014
Exp-KWS/WGIDX/pages_esc/Rodrigo_00015
Exp-KWS/WGIDX/pages_esc/Rodrigo_00016
Exp-KWS/WGIDX/pages_esc/Rodrigo_00017
Exp-KWS/WGIDX/pages_esc/Rodrigo_00018
Exp-KWS/WGIDX/pages_esc/Rodrigo_00019
Exp-KWS/WGIDX/pages_esc/Rodrigo_00020
Exp-KWS/WGIDX/pages_esc/Rodrigo_00021
Exp-KWS/WGIDX/pages_esc/Rodrigo_00022
Exp-KWS/WGIDX/pages_esc/Rodrigo_00023
Exp-KWS/WGIDX/pages_esc/Rodrigo_00024
Exp-KWS/WGIDX/pages_esc/Rodrigo_00025
Exp-KWS/WGIDX/pages_esc/Rodrigo_00026
Exp-KWS/WGIDX/pages_esc/Rodrigo_00027
Exp-KWS/WGIDX/pages_esc/Rodrigo_00028
Exp-KWS/WGIDX/pages_esc/Rodrigo_00029
Exp-KWS/WGIDX/pages_esc/Rodrigo_00030
Exp-KWS/WGIDX/pages_esc/Rodrigo_00031
Exp-KWS/WGIDX/pages_esc/Rodrigo_00032
Exp-KWS/WGIDX/pages_esc/Rodrigo_00033
Exp-KWS/WGIDX/pages_esc/Rodrigo_00034
Exp-KWS/WGIDX/pages_esc/Rodrigo_00035
Exp-KWS/WGIDX/pages_esc/Rodrigo_00036
Exp-KWS/WGIDX/pages_esc/Rodrigo_00037
Exp-KWS/WGIDX/pages_esc/Rodrigo_00038
Exp-KWS/WGIDX/pages_esc/Rodrigo_00039
Exp-KWS/WGIDX/pages_esc/Rodrigo_00040
Exp-KWS/WGIDX/pages_esc/Rodrigo_00041
Exp-KWS/WGIDX/pages_esc/Rodrigo_00042
Exp-KWS/WGIDX/pages_esc/Rodrigo_00043
Exp-KWS/WGIDX/pages_esc/Rodrigo_00044
Exp-KWS/WGIDX/pages_esc/Rodrigo_00045
Exp-KWS/WGIDX/pages_esc/Rodrigo_00046
Exp-KWS/WGIDX/pages_esc/Rodrigo_00047
Exp-KWS/WGIDX/pages_esc/Rodrigo_00048
Exp-KWS/WGIDX/pages_esc/Rodrigo_00049
Exp-KWS/WGIDX/pages_esc/Rodrigo_00050
Exp-KWS/WGIDX/pages_esc/Rodrigo_00051
Exp-KWS/WGIDX/pages_esc/Rodrigo_00052
Exp-KWS/WGIDX/pages_esc/Rodrigo_00053
Exp-KWS/WGIDX/pages_esc/Rodrigo_00054
Exp-KWS/WGIDX/pages_esc/Rodrigo_00055
Exp-KWS/WGIDX/pages_esc/Rodrigo_00056
Exp-KWS/WGIDX/pages_esc/Rodrigo_00057
Exp-KWS/WGIDX/pages_esc/Rodrigo_00058
Exp-KWS/WGIDX/pages_esc/Rodrigo_00059
Exp-KWS/WGIDX/pages_esc/Rodrigo_00060
Exp-KWS/WGIDX/pages_esc/Rodrigo_00061
Exp-KWS/WGIDX/pages_esc/Rodrigo_00062
Exp-KWS/WGIDX/pages_esc/Rodrigo_00063
Exp-KWS/WGIDX/pages_esc/Rodrigo_00064
Exp-KWS/WGIDX/pages_esc/Rodrigo_00065
Exp-KWS/WGIDX/pages_esc/Rodrigo_00066
Exp-KWS/WGIDX/pages_esc/Rodrigo_00067
Exp-KWS/WGIDX/pages_esc/Rodrigo_00068
Exp-KWS/WGIDX/pages_esc/Rodrigo_00069
Exp-KWS/WGIDX/pages_esc/Rodrigo_00070
Exp-KWS/WGIDX/pages_esc/Rodrigo_00071
Exp-KWS/WGIDX/pages_esc/Rodrigo_00072
Exp-KWS/WGIDX/pages_esc/Rodrigo_00073
Exp-KWS/WGIDX/pages_esc/Rodrigo_00074
Exp-KWS/WGIDX/pages_esc/Rodrigo_00075
Exp-KWS/WGIDX/pages_esc/Rodrigo_00076
Exp-KWS/WGIDX/pages_esc/Rodrigo_00077
Exp-KWS/WGIDX/pages_esc/Rodrigo_00078
Exp-KWS/WGIDX/pages_esc/Rodrigo_00079
Exp-KWS/WGIDX/pages_esc/Rodrigo_00080
Exp-KWS/WGIDX/pages_esc/Rodrigo_00081
Exp-KWS/WGIDX/pages_esc/Rodrigo_00082
Exp-KWS/WGIDX/pages_esc/Rodrigo_00083
Exp-KWS/WGIDX/pages_esc/Rodrigo_00084
Exp-KWS/WGIDX/pages_esc/Rodrigo_00085
Exp-KWS/WGIDX/pages_esc/Rodrigo_00086
Exp-KWS/WGIDX/pages_esc/Rodrigo_00087
Exp-KWS/WGIDX/pages_esc/Rodrigo_00088
Exp-KWS/WGIDX/pages_esc/Rodrigo_00089
Exp-KWS/WGIDX/pages_esc/Rodrigo_00090
Exp-KWS/WGIDX/pages_esc/Rodrigo_00091
Exp-KWS/WGIDX/pages_esc/Rodrigo_00092
Exp-KWS/WGIDX/pages_esc/Rodrigo_00093
Exp-KWS/WGIDX/pages_esc/Rodrigo_00094
Exp-KWS/WGIDX/pages_esc/Rodrigo_00095
Exp-KWS/WGIDX/pages_esc/Rodrigo_00096
Exp-KWS/WGIDX/pages_esc/Rodrigo_00097
Exp-KWS/WGIDX/pages_esc/Rodrigo_00098
Exp-KWS/WGIDX/pages_esc/Rodrigo_00099
Exp-KWS/WGIDX/pages_esc/Rodrigo_00100
Exp-KWS/WGIDX/pages_esc/Rodrigo_00101
Exp-KWS/WGIDX/pages_esc/Rodrigo_00102
Exp-KWS/WGIDX/pages_esc/Rodrigo_00103
Exp-KWS/WGIDX/pages_esc/Rodrigo_00104
Exp-KWS/WGIDX/pages_esc/Rodrigo_00105
Exp-KWS/WGIDX/pages_esc/Rodrigo_00106
Exp-KWS/WGIDX/pages_esc/Rodrigo_00107
Exp-KWS/WGIDX/pages_esc/Rodrigo_00108
Exp-KWS/WGIDX/pages_esc/Rodrigo_00109
Exp-KWS/WGIDX/pages_esc/Rodrigo_00110
Exp-KWS/WGIDX/pages_esc/Rodrigo_00111
Exp-KWS/WGIDX/pages_esc/Rodrigo_00112
Exp-KWS/WGIDX/pages_esc/Rodrigo_00113
Exp-KWS/WGIDX/pages_esc/Rodrigo_00114
Exp-KWS/WGIDX/pages_esc/Rodrigo_00115
Exp-KWS/WGIDX/pages_esc/Rodrigo_00116
Exp-KWS/WGIDX/pages_esc/Rodrigo_00117
Exp-KWS/WGIDX/pages_esc/Rodrigo_00118
Exp-KWS/WGIDX/pages_esc/Rodrigo_00119
Exp-KWS/WGIDX/pages_esc/Rodrigo_00120
Exp-KWS/WGIDX/pages_esc/Rodrigo_00121
Exp-KWS/WGIDX/pages_esc/Rodrigo_00122
Exp-KWS/WGIDX/pages_esc/Rodrigo_00123
Exp-KWS/WGIDX/pages_esc/Rodrigo_00124
Exp-KWS/WGIDX/pages_esc/Rodrigo_00125
Exp-KWS/WGIDX/pages_esc/Rodrigo_00126
Exp-KWS/WGIDX/pages_esc/Rodrigo_00127
Exp-KWS/WGIDX/pages_esc/Rodrigo_00128
Exp-KWS/WGIDX/pages_esc/Rodrigo_00129
Exp-KWS/WGIDX/pages_esc/Rodrigo_00130
Exp-KWS/WGIDX/pages_esc/Rodrigo_00131
Exp-KWS/WGIDX/pages_esc/Rodrigo_00132
Exp-KWS/WGIDX/pages_esc/Rodrigo_00133
Exp-KWS/WGIDX/pages_esc/Rodrigo_00134
Exp-KWS/WGIDX/pages_esc/Rodrigo_00135
Exp-KWS/WGIDX/pages_esc/Rodrigo_00136
Exp-KWS/WGIDX/pages_esc/Rodrigo_00137
Exp-KWS/WGIDX/pages_esc/Rodrigo_00138
Exp-KWS/WGIDX/pages_esc/Rodrigo_00139
Exp-KWS/WGIDX/pages_esc/Rodrigo_00140
Exp-KWS/WGIDX/pages_esc/Rodrigo_00141
Exp-KWS/WGIDX/pages_esc/Rodrigo_00142
Exp-KWS/WGIDX/pages_esc/Rodrigo_00143
Exp-KWS/WGIDX/pages_esc/Rodrigo_00144
Exp-KWS/WGIDX/pages_esc/Rodrigo_00145
Exp-KWS/WGIDX/pages_esc/Rodrigo_00146
Exp-KWS/WGIDX/pages_esc/Rodrigo_00147
Exp-KWS/WGIDX/pages_esc/Rodrigo_00148
Exp-KWS/WGIDX/pages_esc/Rodrigo_00149
Exp-KWS/WGIDX/pages_esc/Rodrigo_00150
Exp-KWS/WGIDX/pages_esc/Rodrigo_00151
Exp-KWS/WGIDX/pages_esc/Rodrigo_00152
Exp-KWS/WGIDX/pages_esc/Rodrigo_00153
Exp-KWS/WGIDX/pages_esc/Rodrigo_00154
Exp-KWS/WGIDX/pages_esc/Rodrigo_00155
Exp-KWS/WGIDX/pages_esc/Rodrigo_00156
Exp-KWS/WGIDX/pages_esc/Rodrigo_00157
Exp-KWS/WGIDX/pages_esc/Rodrigo_00158
Exp-KWS/WGIDX/pages_esc/Rodrigo_00159
Exp-KWS/WGIDX/pages_esc/Rodrigo_00160
Exp-KWS/WGIDX/pages_esc/Rodrigo_00161
Exp-KWS/WGIDX/pages_esc/Rodrigo_00162
Exp-KWS/WGIDX/pages_esc/Rodrigo_00163
Exp-KWS/WGIDX/pages_esc/Rodrigo_00164
Exp-KWS/WGIDX/pages_esc/Rodrigo_00165
Exp-KWS/WGIDX/pages_esc/Rodrigo_00166
Exp-KWS/WGIDX/pages_esc/Rodrigo_00167
Exp-KWS/WGIDX/pages_esc/Rodrigo_00168
Exp-KWS/WGIDX/pages_esc/Rodrigo_00169
Exp-KWS/WGIDX/pages_esc/Rodrigo_00170
Exp-KWS/WGIDX/pages_esc/Rodrigo_00171
Exp-KWS/WGIDX/pages_esc/Rodrigo_00172
Exp-KWS/WGIDX/pages_esc/Rodrigo_00173
Exp-KWS/WGIDX/pages_esc/Rodrigo_00174
Exp-KWS/WGIDX/pages_esc/Rodrigo_00175
Exp-KWS/WGIDX/pages_esc/Rodrigo_00176
Exp-KWS/WGIDX/pages_esc/Rodrigo_00177
Exp-KWS/WGIDX/pages_esc/Rodrigo_00178
Exp-KWS/WGIDX/pages_esc/Rodrigo_00179
Exp-KWS/WGIDX/pages_esc/Rodrigo_00180
Exp-KWS/WGIDX/pages_esc/Rodrigo_00181
Exp-KWS/WGIDX/pages_esc/Rodrigo_00182
Exp-KWS/WGIDX/pages_esc/Rodrigo_00183
Exp-KWS/WGIDX/pages_esc/Rodrigo_00184
Exp-KWS/WGIDX/pages_esc/Rodrigo_00185
Exp-KWS/WGIDX/pages_esc/Rodrigo_00186
Exp-KWS/WGIDX/pages_esc/Rodrigo_00187
Exp-KWS/WGIDX/pages_esc/Rodrigo_00188
Exp-KWS/WGIDX/pages_esc/Rodrigo_00189
Exp-KWS/WGIDX/pages_esc/Rodrigo_00190
Exp-KWS/WGIDX/pages_esc/Rodrigo_00191
Exp-KWS/WGIDX/pages_esc/Rodrigo_00192
Exp-KWS/WGIDX/pages_esc/Rodrigo_00193
Exp-KWS/WGIDX/pages_esc/Rodrigo_00194
Exp-KWS/WGIDX/pages_esc/Rodrigo_00195
Exp-KWS/WGIDX/pages_esc/Rodrigo_00196
Exp-KWS/WGIDX/pages_esc/Rodrigo_00197
Exp-KWS/WGIDX/pages_esc/Rodrigo_00198
Exp-KWS/WGIDX/pages_esc/Rodrigo_00199
Exp-KWS/WGIDX/pages_esc/Rodrigo_00200
Exp-KWS/WGIDX/pages_esc/Rodrigo_00201
Exp-KWS/WGIDX/pages_esc/Rodrigo_00202
Exp-KWS/WGIDX/pages_esc/Rodrigo_00203
Exp-KWS/WGIDX/pages_esc/Rodrigo_00204
Exp-KWS/WGIDX/pages_esc/Rodrigo_00205
Exp-KWS/WGIDX/pages_esc/Rodrigo_00206
Exp-KWS/WGIDX/pages_esc/Rodrigo_00207
Exp-KWS/WGIDX/pages_esc/Rodrigo_00208
Exp-KWS/WGIDX/pages_esc/Rodrigo_00209
Exp-KWS/WGIDX/pages_esc/Rodrigo_00210
Exp-KWS/WGIDX/pages_esc/Rodrigo_00211
Exp-KWS/WGIDX/pages_esc/Rodrigo_00212
Exp-KWS/WGIDX/pages_esc/Rodrigo_00213
Exp-KWS/WGIDX/pages_esc/Rodrigo_00214
Exp-KWS/WGIDX/pages_esc/Rodrigo_00215
Exp-KWS/WGIDX/pages_esc/Rodrigo_00216
Exp-KWS/WGIDX/pages_esc/Rodrigo_00217
Exp-KWS/WGIDX/pages_esc/Rodrigo_00218
Exp-KWS/WGIDX/pages_esc/Rodrigo_00219
Exp-KWS/WGIDX/pages_esc/Rodrigo_00220
Exp-KWS/WGIDX/pages_esc/Rodrigo_00221
Exp-KWS/WGIDX/pages_esc/Rodrigo_00222
Exp-KWS/WGIDX/pages_esc/Rodrigo_00223
Exp-KWS/WGIDX/pages_esc/Rodrigo_00224
Exp-KWS/WGIDX/pages_esc/Rodrigo_00225
Exp-KWS/WGIDX/pages_esc/Rodrigo_00226
Exp-KWS/WGIDX/pages_esc/Rodrigo_00227
Exp-KWS/WGIDX/pages_esc/Rodrigo_00228
Exp-KWS/WGIDX/pages_esc/Rodrigo_00229
Exp-KWS/WGIDX/pages_esc/Rodrigo_00230
Exp-KWS/WGIDX/pages_esc/Rodrigo_00231
Exp-KWS/WGIDX/pages_esc/Rodrigo_00232
Exp-KWS/WGIDX/pages_esc/Rodrigo_00233
Exp-KWS/WGIDX/pages_esc/Rodrigo_00234
Exp-KWS/WGIDX/pages_esc/Rodrigo_00235
Exp-KWS/WGIDX/pages_esc/Rodrigo_00236
Exp-KWS/WGIDX/pages_esc/Rodrigo_00237
Exp-KWS/WGIDX/pages_esc/Rodrigo_00238
Exp-KWS/WGIDX/pages_esc/Rodrigo_00239
Exp-KWS/WGIDX/pages_esc/Rodrigo_00240
Exp-KWS/WGIDX/pages_esc/Rodrigo_00241
Exp-KWS/WGIDX/pages_esc/Rodrigo_00242
Exp-KWS/WGIDX/pages_esc/Rodrigo_00243
Exp-KWS/WGIDX/pages_esc/Rodrigo_00244
Exp-KWS/WGIDX/pages_esc/Rodrigo_00245
Exp-KWS/WGIDX/pages_esc/Rodrigo_00246
Exp-KWS/WGIDX/pages_esc/Rodrigo_00247
Exp-KWS/WGIDX/pages_esc/Rodrigo_00248
Exp-KWS/WGIDX/pages_esc/Rodrigo_00249
Exp-KWS/WGIDX/pages_esc/Rodrigo_00250
Exp-KWS/WGIDX/pages_esc/Rodrigo_00251
Exp-KWS/WGIDX/pages_esc/Rodrigo_00252
Exp-KWS/WGIDX/pages_esc/Rodrigo_00253
Exp-KWS/WGIDX/pages_esc/Rodrigo_00254
Exp-KWS/WGIDX/pages_esc/Rodrigo_00255
Exp-KWS/WGIDX/pages_esc/Rodrigo_00256
Exp-KWS/WGIDX/pages_esc/Rodrigo_00257
Exp-KWS/WGIDX/pages_esc/Rodrigo_00258
Exp-KWS/WGIDX/pages_esc/Rodrigo_00259
Exp-KWS/WGIDX/pages_esc/Rodrigo_00260
Exp-KWS/WGIDX/pages_esc/Rodrigo_00261
Exp-KWS/WGIDX/pages_esc/Rodrigo_00262
Exp-KWS/WGIDX/pages_esc/Rodrigo_00263
Exp-KWS/WGIDX/pages_esc/Rodrigo_00264
Exp-KWS/WGIDX/pages_esc/Rodrigo_00265
Exp-KWS/WGIDX/pages_esc/Rodrigo_00266
Exp-KWS/WGIDX/pages_esc/Rodrigo_00267
Exp-KWS/WGIDX/pages_esc/Rodrigo_00268
Exp-KWS/WGIDX/pages_esc/Rodrigo_00269
Exp-KWS/WGIDX/pages_esc/Rodrigo_00270
Exp-KWS/WGIDX/pages_esc/Rodrigo_00271
Exp-KWS/WGIDX/pages_esc/Rodrigo_00272
Exp-KWS/WGIDX/pages_esc/Rodrigo_00273
Exp-KWS/WGIDX/pages_esc/Rodrigo_00274
Exp-KWS/WGIDX/pages_esc/Rodrigo_00275
Exp-KWS/WGIDX/pages_esc/Rodrigo_00276
Exp-KWS/WGIDX/pages_esc/Rodrigo_00277
Exp-KWS/WGIDX/pages_esc/Rodrigo_00278
Exp-KWS/WGIDX/pages_esc/Rodrigo_00279
Exp-KWS/WGIDX/pages_esc/Rodrigo_00280
Exp-KWS/WGIDX/pages_esc/Rodrigo_00281
Exp-KWS/WGIDX/pages_esc/Rodrigo_00282
Exp-KWS/WGIDX/pages_esc/Rodrigo_00283
Exp-KWS/WGIDX/pages_esc/Rodrigo_00284
Exp-KWS/WGIDX/pages_esc/Rodrigo_00285
Exp-KWS/WGIDX/pages_esc/Rodrigo_00286
Exp-KWS/WGIDX/pages_esc/Rodrigo_00287
Exp-KWS/WGIDX/pages_esc/Rodrigo_00288
Exp-KWS/WGIDX/pages_esc/Rodrigo_00289
Exp-KWS/WGIDX/pages_esc/Rodrigo_00290
Exp-KWS/WGIDX/pages_esc/Rodrigo_00291
Exp-KWS/WGIDX/pages_esc/Rodrigo_00292
Exp-KWS/WGIDX/pages_esc/Rodrigo_00293
Exp-KWS/WGIDX/pages_esc/Rodrigo_00294
Exp-KWS/WGIDX/pages_esc/Rodrigo_00295
Exp-KWS/WGIDX/pages_esc/Rodrigo_00296
Exp-KWS/WGIDX/pages_esc/Rodrigo_00297
Exp-KWS/WGIDX/pages_esc/Rodrigo_00298
Exp-KWS/WGIDX/pages_esc/Rodrigo_00299
Exp-KWS/WGIDX/pages_esc/Rodrigo_00300
Exp-KWS/WGIDX/pages_esc/Rodrigo_00301
Exp-KWS/WGIDX/pages_esc/Rodrigo_00302
Exp-KWS/WGIDX/pages_esc/Rodrigo_00303
Exp-KWS/WGIDX/pages_esc/Rodrigo_00304
Exp-KWS/WGIDX/pages_esc/Rodrigo_00305
Exp-KWS/WGIDX/pages_esc/Rodrigo_00306
Exp-KWS/WGIDX/pages_esc/Rodrigo_00307
Exp-KWS/WGIDX/pages_esc/Rodrigo_00308
Exp-KWS/WGIDX/pages_esc/Rodrigo_00309
Exp-KWS/WGIDX/pages_esc/Rodrigo_00310
Exp-KWS/WGIDX/pages_esc/Rodrigo_00311
Exp-KWS/WGIDX/pages_esc/Rodrigo_00312
Exp-KWS/WGIDX/pages_esc/Rodrigo_00313
Exp-KWS/WGIDX/pages_esc/Rodrigo_00314
Exp-KWS/WGIDX/pages_esc/Rodrigo_00315
Exp-KWS/WGIDX/pages_esc/Rodrigo_00316
Exp-KWS/WGIDX/pages_esc/Rodrigo_00317
Exp-KWS/WGIDX/pages_esc/Rodrigo_00318
Exp-KWS/WGIDX/pages_esc/Rodrigo_00319
Exp-KWS/WGIDX/pages_esc/Rodrigo_00320
Exp-KWS/WGIDX/pages_esc/Rodrigo_00321
Exp-KWS/WGIDX/pages_esc/Rodrigo_00322
Exp-KWS/WGIDX/pages_esc/Rodrigo_00323
Exp-KWS/WGIDX/pages_esc/Rodrigo_00324
Exp-KWS/WGIDX/pages_esc/Rodrigo_00325
Exp-KWS/WGIDX/pages_esc/Rodrigo_00326
Exp-KWS/WGIDX/pages_esc/Rodrigo_00327
Exp-KWS/WGIDX/pages_esc/Rodrigo_00328
Exp-KWS/WGIDX/pages_esc/Rodrigo_00329
Exp-KWS/WGIDX/pages_esc/Rodrigo_00330
Exp-KWS/WGIDX/pages_esc/Rodrigo_00331
Exp-KWS/WGIDX/pages_esc/Rodrigo_00332
Exp-KWS/WGIDX/pages_esc/Rodrigo_00333
Exp-KWS/WGIDX/pages_esc/Rodrigo_00334
Exp-KWS/WGIDX/pages_esc/Rodrigo_00335
Exp-KWS/WGIDX/pages_esc/Rodrigo_00336
Exp-KWS/WGIDX/pages_esc/Rodrigo_00337
Exp-KWS/WGIDX/pages_esc/Rodrigo_00338
Exp-KWS/WGIDX/pages_esc/Rodrigo_00339
Exp-KWS/WGIDX/pages_esc/Rodrigo_00340
Exp-KWS/WGIDX/pages_esc/Rodrigo_00341
Exp-KWS/WGIDX/pages_esc/Rodrigo_00342
Exp-KWS/WGIDX/pages_esc/Rodrigo_00343
Exp-KWS/WGIDX/pages_esc/Rodrigo_00344
Exp-KWS/WGIDX/pages_esc/Rodrigo_00345
Exp-KWS/WGIDX/pages_esc/Rodrigo_00346
Exp-KWS/WGIDX/pages_esc/Rodrigo_00347
Exp-KWS/WGIDX/pages_esc/Rodrigo_00348
Exp-KWS/WGIDX/pages_esc/Rodrigo_00349
Exp-KWS/WGIDX/pages_esc/Rodrigo_00350
Exp-KWS/WGIDX/pages_esc/Rodrigo_00351
Exp-KWS/WGIDX/pages_esc/Rodrigo_00352
Exp-KWS/WGIDX/pages_esc/Rodrigo_00353
Exp-KWS/WGIDX/pages_esc/Rodrigo_00354
Exp-KWS/WGIDX/pages_esc/Rodrigo_00355
Exp-KWS/WGIDX/pages_esc/Rodrigo_00356
Exp-KWS/WGIDX/pages_esc/Rodrigo_00357
Exp-KWS/WGIDX/pages_esc/Rodrigo_00358
Exp-KWS/WGIDX/pages_esc/Rodrigo_00359
Exp-KWS/WGIDX/pages_esc/Rodrigo_00360
Exp-KWS/WGIDX/pages_esc/Rodrigo_00361
Exp-KWS/WGIDX/pages_esc/Rodrigo_00362
Exp-KWS/WGIDX/pages_esc/Rodrigo_00363
Exp-KWS/WGIDX/pages_esc/Rodrigo_00364
Exp-KWS/WGIDX/pages_esc/Rodrigo_00365
Exp-KWS/WGIDX/pages_esc/Rodrigo_00366
Exp-KWS/WGIDX/pages_esc/Rodrigo_00367
Exp-KWS/WGIDX/pages_esc/Rodrigo_00368
Exp-KWS/WGIDX/pages_esc/Rodrigo_00369
Exp-KWS/WGIDX/pages_esc/Rodrigo_00370
Exp-KWS/WGIDX/pages_esc/Rodrigo_00371
Exp-KWS/WGIDX/pages_esc/Rodrigo_00372
Exp-KWS/WGIDX/pages_esc/Rodrigo_00373
Exp-KWS/WGIDX/pages_esc/Rodrigo_00374
Exp-KWS/WGIDX/pages_esc/Rodrigo_00375
Exp-KWS/WGIDX/pages_esc/Rodrigo_00376
Exp-KWS/WGIDX/pages_esc/Rodrigo_00377
Exp-KWS/WGIDX/pages_esc/Rodrigo_00378
Exp-KWS/WGIDX/pages_esc/Rodrigo_00379
Exp-KWS/WGIDX/pages_esc/Rodrigo_00380
Exp-KWS/WGIDX/pages_esc/Rodrigo_00381
Exp-KWS/WGIDX/pages_esc/Rodrigo_00382
Exp-KWS/WGIDX/pages_esc/Rodrigo_00383
Exp-KWS/WGIDX/pages_esc/Rodrigo_00384
Exp-KWS/WGIDX/pages_esc/Rodrigo_00385
Exp-KWS/WGIDX/pages_esc/Rodrigo_00386
Exp-KWS/WGIDX/pages_esc/Rodrigo_00387
Exp-KWS/WGIDX/pages_esc/Rodrigo_00388
Exp-KWS/WGIDX/pages_esc/Rodrigo_00389
Exp-KWS/WGIDX/pages_esc/Rodrigo_00390
Exp-KWS/WGIDX/pages_esc/Rodrigo_00391
Exp-KWS/WGIDX/pages_esc/Rodrigo_00392
Exp-KWS/WGIDX/pages_esc/Rodrigo_00393
Exp-KWS/WGIDX/pages_esc/Rodrigo_00394
Exp-KWS/WGIDX/pages_esc/Rodrigo_00395
Exp-KWS/WGIDX/pages_esc/Rodrigo_00396
Exp-KWS/WGIDX/pages_esc/Rodrigo_00397
Exp-KWS/WGIDX/pages_esc/Rodrigo_00398
Exp-KWS/WGIDX/pages_esc/Rodrigo_00399
Exp-KWS/WGIDX/pages_esc/Rodrigo_00400
Exp-KWS/WGIDX/pages_esc/Rodrigo_00401
Exp-KWS/WGIDX/pages_esc/Rodrigo_00402
Exp-KWS/WGIDX/pages_esc/Rodrigo_00403
Exp-KWS/WGIDX/pages_esc/Rodrigo_00404
Exp-KWS/WGIDX/pages_esc/Rodrigo_00405
Exp-KWS/WGIDX/pages_esc/Rodrigo_00406
Exp-KWS/WGIDX/pages_esc/Rodrigo_00407
Exp-KWS/WGIDX/pages_esc/Rodrigo_00408
Exp-KWS/WGIDX/pages_esc/Rodrigo_00409
Exp-KWS/WGIDX/pages_esc/Rodrigo_00410
Exp-KWS/WGIDX/pages_esc/Rodrigo_00411
Exp-KWS/WGIDX/pages_esc/Rodrigo_00412
Exp-KWS/WGIDX/pages_esc/Rodrigo_00413
Exp-KWS/WGIDX/pages_esc/Rodrigo_00414
Exp-KWS/WGIDX/pages_esc/Rodrigo_00415
Exp-KWS/WGIDX/pages_esc/Rodrigo_00416
Exp-KWS/WGIDX/pages_esc/Rodrigo_00417
Exp-KWS/WGIDX/pages_esc/Rodrigo_00418
Exp-KWS/WGIDX/pages_esc/Rodrigo_00419
Exp-KWS/WGIDX/pages_esc/Rodrigo_00420
Exp-KWS/WGIDX/pages_esc/Rodrigo_00421
Exp-KWS/WGIDX/pages_esc/Rodrigo_00422
Exp-KWS/WGIDX/pages_esc/Rodrigo_00423
Exp-KWS/WGIDX/pages_esc/Rodrigo_00424
Exp-KWS/WGIDX/pages_esc/Rodrigo_00425
Exp-KWS/WGIDX/pages_esc/Rodrigo_00426
Exp-KWS/WGIDX/pages_esc/Rodrigo_00427
Exp-KWS/WGIDX/pages_esc/Rodrigo_00428
Exp-KWS/WGIDX/pages_esc/Rodrigo_00429
Exp-KWS/WGIDX/pages_esc/Rodrigo_00430
Exp-KWS/WGIDX/pages_esc/Rodrigo_00431
Exp-KWS/WGIDX/pages_esc/Rodrigo_00432
Exp-KWS/WGIDX/pages_esc/Rodrigo_00433
Exp-KWS/WGIDX/pages_esc/Rodrigo_00434
Exp-KWS/WGIDX/pages_esc/Rodrigo_00435
Exp-KWS/WGIDX/pages_esc/Rodrigo_00436
Exp-KWS/WGIDX/pages_esc/Rodrigo_00437
Exp-KWS/WGIDX/pages_esc/Rodrigo_00438
Exp-KWS/WGIDX/pages_esc/Rodrigo_00439
Exp-KWS/WGIDX/pages_esc/Rodrigo_00440
Exp-KWS/WGIDX/pages_esc/Rodrigo_00441
Exp-KWS/WGIDX/pages_esc/Rodrigo_00442
Exp-KWS/WGIDX/pages_esc/Rodrigo_00443
Exp-KWS/WGIDX/pages_esc/Rodrigo_00444
Exp-KWS/WGIDX/pages_esc/Rodrigo_00445
Exp-KWS/WGIDX/pages_esc/Rodrigo_00446
Exp-KWS/WGIDX/pages_esc/Rodrigo_00447
Exp-KWS/WGIDX/pages_esc/Rodrigo_00448
Exp-KWS/WGIDX/pages_esc/Rodrigo_00449
Exp-KWS/WGIDX/pages_esc/Rodrigo_00450
Exp-KWS/WGIDX/pages_esc/Rodrigo_00451
Exp-KWS/WGIDX/pages_esc/Rodrigo_00452
Exp-KWS/WGIDX/pages_esc/Rodrigo_00453
Exp-KWS/WGIDX/pages_esc/Rodrigo_00454
Exp-KWS/WGIDX/pages_esc/Rodrigo_00455
Exp-KWS/WGIDX/pages_esc/Rodrigo_00456
Exp-KWS/WGIDX/pages_esc/Rodrigo_00457
Exp-KWS/WGIDX/pages_esc/Rodrigo_00458
Exp-KWS/WGIDX/pages_esc/Rodrigo_00459
Exp-KWS/WGIDX/pages_esc/Rodrigo_00460
Exp-KWS/WGIDX/pages_esc/Rodrigo_00461
Exp-KWS/WGIDX/pages_esc/Rodrigo_00462
Exp-KWS/WGIDX/pages_esc/Rodrigo_00463
Exp-KWS/WGIDX/pages_esc/Rodrigo_00464
Exp-KWS/WGIDX/pages_esc/Rodrigo_00465
Exp-KWS/WGIDX/pages_esc/Rodrigo_00466
Exp-KWS/WGIDX/pages_esc/Rodrigo_00467
Exp-KWS/WGIDX/pages_esc/Rodrigo_00468
Exp-KWS/WGIDX/pages_esc/Rodrigo_00469
Exp-KWS/WGIDX/pages_esc/Rodrigo_00470
Exp-KWS/WGIDX/pages_esc/Rodrigo_00471
Exp-KWS/WGIDX/pages_esc/Rodrigo_00472
Exp-KWS/WGIDX/pages_esc/Rodrigo_00473
Exp-KWS/WGIDX/pages_esc/Rodrigo_00474
Exp-KWS/WGIDX/pages_esc/Rodrigo_00475
Exp-KWS/WGIDX/pages_esc/Rodrigo_00476
Exp-KWS/WGIDX/pages_esc/Rodrigo_00477
Exp-KWS/WGIDX/pages_esc/Rodrigo_00478
Exp-KWS/WGIDX/pages_esc/Rodrigo_00479
Exp-KWS/WGIDX/pages_esc/Rodrigo_00480
Exp-KWS/WGIDX/pages_esc/Rodrigo_00481
Exp-KWS/WGIDX/pages_esc/Rodrigo_00482
Exp-KWS/WGIDX/pages_esc/Rodrigo_00483
Exp-KWS/WGIDX/pages_esc/Rodrigo_00484
Exp-KWS/WGIDX/pages_esc/Rodrigo_00485
Exp-KWS/WGIDX/pages_esc/Rodrigo_00486
Exp-KWS/WGIDX/pages_esc/Rodrigo_00487
Exp-KWS/WGIDX/pages_esc/Rodrigo_00488
Exp-KWS/WGIDX/pages_esc/Rodrigo_00489
Exp-KWS/WGIDX/pages_esc/Rodrigo_00490
Exp-KWS/WGIDX/pages_esc/Rodrigo_00491
Exp-KWS/WGIDX/pages_esc/Rodrigo_00492
Exp-KWS/WGIDX/pages_esc/Rodrigo_00493
Exp-KWS/WGIDX/pages_esc/Rodrigo_00494
Exp-KWS/WGIDX/pages_esc/Rodrigo_00495
Exp-KWS/WGIDX/pages_esc/Rodrigo_00496
Exp-KWS/WGIDX/pages_esc/Rodrigo_00497
Exp-KWS/WGIDX/pages_esc/Rodrigo_00498
Exp-KWS/WGIDX/pages_esc/Rodrigo_00499
Exp-KWS/WGIDX/pages_esc/Rodrigo_00500
Exp-KWS/WGIDX/pages_esc/Rodrigo_00501
Exp-KWS/WGIDX/pages_esc/Rodrigo_00502
Exp-KWS/WGIDX/pages_esc/Rodrigo_00503
Exp-KWS/WGIDX/pages_esc/Rodrigo_00504
Exp-KWS/WGIDX/pages_esc/Rodrigo_00505
Exp-KWS/WGIDX/pages_esc/Rodrigo_00506
Exp-KWS/WGIDX/pages_esc/Rodrigo_00507
Exp-KWS/WGIDX/pages_esc/Rodrigo_00508
Exp-KWS/WGIDX/pages_esc/Rodrigo_00509
Exp-KWS/WGIDX/pages_esc/Rodrigo_00510
Exp-KWS/WGIDX/pages_esc/Rodrigo_00511
Exp-KWS/WGIDX/pages_esc/Rodrigo_00512
Exp-KWS/WGIDX/pages_esc/Rodrigo_00513
Exp-KWS/WGIDX/pages_esc/Rodrigo_00514
Exp-KWS/WGIDX/pages_esc/Rodrigo_00515
Exp-KWS/WGIDX/pages_esc/Rodrigo_00516
Exp-KWS/WGIDX/pages_esc/Rodrigo_00517
Exp-KWS/WGIDX/pages_esc/Rodrigo_00518
Exp-KWS/WGIDX/pages_esc/Rodrigo_00519
Exp-KWS/WGIDX/pages_esc/Rodrigo_00520
Exp-KWS/WGIDX/pages_esc/Rodrigo_00521
Exp-KWS/WGIDX/pages_esc/Rodrigo_00522
Exp-KWS/WGIDX/pages_esc/Rodrigo_00523
Exp-KWS/WGIDX/pages_esc/Rodrigo_00524
Exp-KWS/WGIDX/pages_esc/Rodrigo_00525
Exp-KWS/WGIDX/pages_esc/Rodrigo_00526
Exp-KWS/WGIDX/pages_esc/Rodrigo_00527
Exp-KWS/WGIDX/pages_esc/Rodrigo_00528
Exp-KWS/WGIDX/pages_esc/Rodrigo_00529
Exp-KWS/WGIDX/pages_esc/Rodrigo_00530
Exp-KWS/WGIDX/pages_esc/Rodrigo_00531
Exp-KWS/WGIDX/pages_esc/Rodrigo_00532
Exp-KWS/WGIDX/pages_esc/Rodrigo_00533
Exp-KWS/WGIDX/pages_esc/Rodrigo_00534
Exp-KWS/WGIDX/pages_esc/Rodrigo_00535
Exp-KWS/WGIDX/pages_esc/Rodrigo_00536
Exp-KWS/WGIDX/pages_esc/Rodrigo_00537
Exp-KWS/WGIDX/pages_esc/Rodrigo_00538
Exp-KWS/WGIDX/pages_esc/Rodrigo_00539
Exp-KWS/WGIDX/pages_esc/Rodrigo_00540
Exp-KWS/WGIDX/pages_esc/Rodrigo_00541
Exp-KWS/WGIDX/pages_esc/Rodrigo_00542
Exp-KWS/WGIDX/pages_esc/Rodrigo_00543
Exp-KWS/WGIDX/pages_esc/Rodrigo_00544
Exp-KWS/WGIDX/pages_esc/Rodrigo_00545
Exp-KWS/WGIDX/pages_esc/Rodrigo_00546
Exp-KWS/WGIDX/pages_esc/Rodrigo_00547
Exp-KWS/WGIDX/pages_esc/Rodrigo_00548
Exp-KWS/WGIDX/pages_esc/Rodrigo_00549
Exp-KWS/WGIDX/pages_esc/Rodrigo_00550
Exp-KWS/WGIDX/pages_esc/Rodrigo_00551
Exp-KWS/WGIDX/pages_esc/Rodrigo_00552
Exp-KWS/WGIDX/pages_esc/Rodrigo_00553
Exp-KWS/WGIDX/pages_esc/Rodrigo_00554
Exp-KWS/WGIDX/pages_esc/Rodrigo_00555
Exp-KWS/WGIDX/pages_esc/Rodrigo_00556
Exp-KWS/WGIDX/pages_esc/Rodrigo_00557
Exp-KWS/WGIDX/pages_esc/Rodrigo_00558
Exp-KWS/WGIDX/pages_esc/Rodrigo_00559
Exp-KWS/WGIDX/pages_esc/Rodrigo_00560
Exp-KWS/WGIDX/pages_esc/Rodrigo_00561
Exp-KWS/WGIDX/pages_esc/Rodrigo_00562
Exp-KWS/WGIDX/pages_esc/Rodrigo_00563
Exp-KWS/WGIDX/pages_esc/Rodrigo_00564
Exp-KWS/WGIDX/pages_esc/Rodrigo_00565
Exp-KWS/WGIDX/pages_esc/Rodrigo_00566
Exp-KWS/WGIDX/pages_esc/Rodrigo_00567
Exp-KWS/WGIDX/pages_esc/Rodrigo_00568
Exp-KWS/WGIDX/pages_esc/Rodrigo_00569
Exp-KWS/WGIDX/pages_esc/Rodrigo_00570
Exp-KWS/WGIDX/pages_esc/Rodrigo_00571
Exp-KWS/WGIDX/pages_esc/Rodrigo_00572
Exp-KWS/WGIDX/pages_esc/Rodrigo_00573
Exp-KWS/WGIDX/pages_esc/Rodrigo_00574
Exp-KWS/WGIDX/pages_esc/Rodrigo_00575
Exp-KWS/WGIDX/pages_esc/Rodrigo_00576
Exp-KWS/WGIDX/pages_esc/Rodrigo_00577
Exp-KWS/WGIDX/pages_esc/Rodrigo_00578
Exp-KWS/WGIDX/pages_esc/Rodrigo_00579
Exp-KWS/WGIDX/pages_esc/Rodrigo_00580
Exp-KWS/WGIDX/pages_esc/Rodrigo_00581
Exp-KWS/WGIDX/pages_esc/Rodrigo_00582
Exp-KWS/WGIDX/pages_esc/Rodrigo_00583
Exp-KWS/WGIDX/pages_esc/Rodrigo_00584
Exp-KWS/WGIDX/pages_esc/Rodrigo_00585
Exp-KWS/WGIDX/pages_esc/Rodrigo_00586
Exp-KWS/WGIDX/pages_esc/Rodrigo_00587
Exp-KWS/WGIDX/pages_esc/Rodrigo_00588
Exp-KWS/WGIDX/pages_esc/Rodrigo_00589
Exp-KWS/WGIDX/pages_esc/Rodrigo_00590
Exp-KWS/WGIDX/pages_esc/Rodrigo_00591
Exp-KWS/WGIDX/pages_esc/Rodrigo_00592
Exp-KWS/WGIDX/pages_esc/Rodrigo_00593
Exp-KWS/WGIDX/pages_esc/Rodrigo_00594
Exp-KWS/WGIDX/pages_esc/Rodrigo_00595
Exp-KWS/WGIDX/pages_esc/Rodrigo_00596
Exp-KWS/WGIDX/pages_esc/Rodrigo_00597
Exp-KWS/WGIDX/pages_esc/Rodrigo_00598
Exp-KWS/WGIDX/pages_esc/Rodrigo_00599
Exp-KWS/WGIDX/pages_esc/Rodrigo_00600
Exp-KWS/WGIDX/pages_esc/Rodrigo_00601
Exp-KWS/WGIDX/pages_esc/Rodrigo_00602
Exp-KWS/WGIDX/pages_esc/Rodrigo_00603
Exp-KWS/WGIDX/pages_esc/Rodrigo_00604
Exp-KWS/WGIDX/pages_esc/Rodrigo_00605
Exp-KWS/WGIDX/pages_esc/Rodrigo_00606
Exp-KWS/WGIDX/pages_esc/Rodrigo_00607
Exp-KWS/WGIDX/pages_esc/Rodrigo_00608
Exp-KWS/WGIDX/pages_esc/Rodrigo_00609
Exp-KWS/WGIDX/pages_esc/Rodrigo_00610
Exp-KWS/WGIDX/pages_esc/Rodrigo_00611
Exp-KWS/WGIDX/pages_esc/Rodrigo_00612
Exp-KWS/WGIDX/pages_esc/Rodrigo_00613
Exp-KWS/WGIDX/pages_esc/Rodrigo_00614
Exp-KWS/WGIDX/pages_esc/Rodrigo_00615
Exp-KWS/WGIDX/pages_esc/Rodrigo_00616
Exp-KWS/WGIDX/pages_esc/Rodrigo_00617
Exp-KWS/WGIDX/pages_esc/Rodrigo_00618
Exp-KWS/WGIDX/pages_esc/Rodrigo_00619
Exp-KWS/WGIDX/pages_esc/Rodrigo_00620
Exp-KWS/WGIDX/pages_esc/Rodrigo_00621
Exp-KWS/WGIDX/pages_esc/Rodrigo_00622
Exp-KWS/WGIDX/pages_esc/Rodrigo_00623
Exp-KWS/WGIDX/pages_esc/Rodrigo_00624
Exp-KWS/WGIDX/pages_esc/Rodrigo_00625
Exp-KWS/WGIDX/pages_esc/Rodrigo_00626
Exp-KWS/WGIDX/pages_esc/Rodrigo_00627
Exp-KWS/WGIDX/pages_esc/Rodrigo_00628
Exp-KWS/WGIDX/pages_esc/Rodrigo_00629
Exp-KWS/WGIDX/pages_esc/Rodrigo_00630
Exp-KWS/WGIDX/pages_esc/Rodrigo_00631
Exp-KWS/WGIDX/pages_esc/Rodrigo_00632
Exp-KWS/WGIDX/pages_esc/Rodrigo_00633
Exp-KWS/WGIDX/pages_esc/Rodrigo_00634
Exp-KWS/WGIDX/pages_esc/Rodrigo_00635
Exp-KWS/WGIDX/pages_esc/Rodrigo_00636
Exp-KWS/WGIDX/pages_esc/Rodrigo_00637
Exp-KWS/WGIDX/pages_esc/Rodrigo_00638
Exp-KWS/WGIDX/pages_esc/Rodrigo_00639
Exp-KWS/WGIDX/pages_esc/Rodrigo_00640
Exp-KWS/WGIDX/pages_esc/Rodrigo_00641
Exp-KWS/WGIDX/pages_esc/Rodrigo_00642
Exp-KWS/WGIDX/pages_esc/Rodrigo_00643
Exp-KWS/WGIDX/pages_esc/Rodrigo_00644
Exp-KWS/WGIDX/pages_esc/Rodrigo_00645
Exp-KWS/WGIDX/pages_esc/Rodrigo_00646
Exp-KWS/WGIDX/pages_esc/Rodrigo_00647
Exp-KWS/WGIDX/pages_esc/Rodrigo_00648
Exp-KWS/WGIDX/pages_esc/Rodrigo_00649
Exp-KWS/WGIDX/pages_esc/Rodrigo_00650
Exp-KWS/WGIDX/pages_esc/Rodrigo_00651
Exp-KWS/WGIDX/pages_esc/Rodrigo_00652
Exp-KWS/WGIDX/pages_esc/Rodrigo_00653
Exp-KWS/WGIDX/pages_esc/Rodrigo_00654
Exp-KWS/WGIDX/pages_esc/Rodrigo_00655
Exp-KWS/WGIDX/pages_esc/Rodrigo_00656
Exp-KWS/WGIDX/pages_esc/Rodrigo_00657
Exp-KWS/WGIDX/pages_esc/Rodrigo_00658
Exp-KWS/WGIDX/pages_esc/Rodrigo_00659
Exp-KWS/WGIDX/pages_esc/Rodrigo_00660
Exp-KWS/WGIDX/pages_esc/Rodrigo_00661
Exp-KWS/WGIDX/pages_esc/Rodrigo_00662
Exp-KWS/WGIDX/pages_esc/Rodrigo_00663
Exp-KWS/WGIDX/pages_esc/Rodrigo_00664
Exp-KWS/WGIDX/pages_esc/Rodrigo_00665
Exp-KWS/WGIDX/pages_esc/Rodrigo_00666
Exp-KWS/WGIDX/pages_esc/Rodrigo_00667
Exp-KWS/WGIDX/pages_esc/Rodrigo_00668
Exp-KWS/WGIDX/pages_esc/Rodrigo_00669
Exp-KWS/WGIDX/pages_esc/Rodrigo_00670
Exp-KWS/WGIDX/pages_esc/Rodrigo_00671
Exp-KWS/WGIDX/pages_esc/Rodrigo_00672
Exp-KWS/WGIDX/pages_esc/Rodrigo_00673
Exp-KWS/WGIDX/pages_esc/Rodrigo_00674
Exp-KWS/WGIDX/pages_esc/Rodrigo_00675
Exp-KWS/WGIDX/pages_esc/Rodrigo_00676
Exp-KWS/WGIDX/pages_esc/Rodrigo_00677
Exp-KWS/WGIDX/pages_esc/Rodrigo_00678
Exp-KWS/WGIDX/pages_esc/Rodrigo_00679
Exp-KWS/WGIDX/pages_esc/Rodrigo_00680
Exp-KWS/WGIDX/pages_esc/Rodrigo_00681
Exp-KWS/WGIDX/pages_esc/Rodrigo_00682
Exp-KWS/WGIDX/pages_esc/Rodrigo_00683
Exp-KWS/WGIDX/pages_esc/Rodrigo_00684
Exp-KWS/WGIDX/pages_esc/Rodrigo_00685
Exp-KWS/WGIDX/pages_esc/Rodrigo_00686
Exp-KWS/WGIDX/pages_esc/Rodrigo_00687
Exp-KWS/WGIDX/pages_esc/Rodrigo_00688
Exp-KWS/WGIDX/pages_esc/Rodrigo_00689
Exp-KWS/WGIDX/pages_esc/Rodrigo_00690
Exp-KWS/WGIDX/pages_esc/Rodrigo_00691
Exp-KWS/WGIDX/pages_esc/Rodrigo_00692
Exp-KWS/WGIDX/pages_esc/Rodrigo_00693
Exp-KWS/WGIDX/pages_esc/Rodrigo_00694
Exp-KWS/WGIDX/pages_esc/Rodrigo_00695
Exp-KWS/WGIDX/pages_esc/Rodrigo_00696
Exp-KWS/WGIDX/pages_esc/Rodrigo_00697
Exp-KWS/WGIDX/pages_esc/Rodrigo_00698
Exp-KWS/WGIDX/pages_esc/Rodrigo_00699
Exp-KWS/WGIDX/pages_esc/Rodrigo_00700
Exp-KWS/WGIDX/pages_esc/Rodrigo_00701
Exp-KWS/WGIDX/pages_esc/Rodrigo_00702
Exp-KWS/WGIDX/pages_esc/Rodrigo_00703
Exp-KWS/WGIDX/pages_esc/Rodrigo_00704
Exp-KWS/WGIDX/pages_esc/Rodrigo_00705
Exp-KWS/WGIDX/pages_esc/Rodrigo_00706
Exp-KWS/WGIDX/pages_esc/Rodrigo_00707
Exp-KWS/WGIDX/pages_esc/Rodrigo_00708
Exp-KWS/WGIDX/pages_esc/Rodrigo_00709
Exp-KWS/WGIDX/pages_esc/Rodrigo_00710
Exp-KWS/WGIDX/pages_esc/Rodrigo_00711
Exp-KWS/WGIDX/pages_esc/Rodrigo_00712
Exp-KWS/WGIDX/pages_esc/Rodrigo_00713
Exp-KWS/WGIDX/pages_esc/Rodrigo_00714
Exp-KWS/WGIDX/pages_esc/Rodrigo_00715
Exp-KWS/WGIDX/pages_esc/Rodrigo_00716
Exp-KWS/WGIDX/pages_esc/Rodrigo_00717
Exp-KWS/WGIDX/pages_esc/Rodrigo_00718
Exp-KWS/WGIDX/pages_esc/Rodrigo_00719
Exp-KWS/WGIDX/pages_esc/Rodrigo_00720
Exp-KWS/WGIDX/pages_esc/Rodrigo_00721
Exp-KWS/WGIDX/pages_esc/Rodrigo_00722
Exp-KWS/WGIDX/pages_esc/Rodrigo_00723
Exp-KWS/WGIDX/pages_esc/Rodrigo_00724
Exp-KWS/WGIDX/pages_esc/Rodrigo_00725
Exp-KWS/WGIDX/pages_esc/Rodrigo_00726
Exp-KWS/WGIDX/pages_esc/Rodrigo_00727
Exp-KWS/WGIDX/pages_esc/Rodrigo_00728
Exp-KWS/WGIDX/pages_esc/Rodrigo_00729
Exp-KWS/WGIDX/pages_esc/Rodrigo_00730
Exp-KWS/WGIDX/pages_esc/Rodrigo_00731
Exp-KWS/WGIDX/pages_esc/Rodrigo_00732
Exp-KWS/WGIDX/pages_esc/Rodrigo_00733
Exp-KWS/WGIDX/pages_esc/Rodrigo_00734
Exp-KWS/WGIDX/pages_esc/Rodrigo_00735
Exp-KWS/WGIDX/pages_esc/Rodrigo_00736
Exp-KWS/WGIDX/pages_esc/Rodrigo_00737
Exp-KWS/WGIDX/pages_esc/Rodrigo_00738
Exp-KWS/WGIDX/pages_esc/Rodrigo_00739
Exp-KWS/WGIDX/pages_esc/Rodrigo_00740
Exp-KWS/WGIDX/pages_esc/Rodrigo_00741
Exp-KWS/WGIDX/pages_esc/Rodrigo_00742
Exp-KWS/WGIDX/pages_esc/Rodrigo_00743
Exp-KWS/WGIDX/pages_esc/Rodrigo_00744
Exp-KWS/WGIDX/pages_esc/Rodrigo_00745
Exp-KWS/WGIDX/pages_esc/Rodrigo_00746
Exp-KWS/WGIDX/pages_esc/Rodrigo_00747
Exp-KWS/WGIDX/pages_esc/Rodrigo_00748
Exp-KWS/WGIDX/pages_esc/Rodrigo_00749
Exp-KWS/WGIDX/pages_esc/Rodrigo_00750
Exp-KWS/WGIDX/pages_esc/Rodrigo_00751
Exp-KWS/WGIDX/pages_esc/Rodrigo_00752
Exp-KWS/WGIDX/pages_esc/Rodrigo_00753
Exp-KWS/WGIDX/pages_esc/Rodrigo_00754
Exp-KWS/WGIDX/pages_esc/Rodrigo_00755
Exp-KWS/WGIDX/pages_esc/Rodrigo_00756
Exp-KWS/WGIDX/pages_esc/Rodrigo_00757
Exp-KWS/WGIDX/pages_esc/Rodrigo_00758
Exp-KWS/WGIDX/pages_esc/Rodrigo_00759
Exp-KWS/WGIDX/pages_esc/Rodrigo_00760
Exp-KWS/WGIDX/pages_esc/Rodrigo_00761
Exp-KWS/WGIDX/pages_esc/Rodrigo_00762
Exp-KWS/WGIDX/pages_esc/Rodrigo_00763
Exp-KWS/WGIDX/pages_esc/Rodrigo_00764
Exp-KWS/WGIDX/pages_esc/Rodrigo_00765
Exp-KWS/WGIDX/pages_esc/Rodrigo_00766
Exp-KWS/WGIDX/pages_esc/Rodrigo_00767
Exp-KWS/WGIDX/pages_esc/Rodrigo_00768
Exp-KWS/WGIDX/pages_esc/Rodrigo_00769
Exp-KWS/WGIDX/pages_esc/Rodrigo_00770
Exp-KWS/WGIDX/pages_esc/Rodrigo_00771
Exp-KWS/WGIDX/pages_esc/Rodrigo_00772
Exp-KWS/WGIDX/pages_esc/Rodrigo_00773
Exp-KWS/WGIDX/pages_esc/Rodrigo_00774
Exp-KWS/WGIDX/pages_esc/Rodrigo_00775
Exp-KWS/WGIDX/pages_esc/Rodrigo_00776
Exp-KWS/WGIDX/pages_esc/Rodrigo_00777
Exp-KWS/WGIDX/pages_esc/Rodrigo_00778
Exp-KWS/WGIDX/pages_esc/Rodrigo_00779
Exp-KWS/WGIDX/pages_esc/Rodrigo_00780
Exp-KWS/WGIDX/pages_esc/Rodrigo_00781
Exp-KWS/WGIDX/pages_esc/Rodrigo_00782
Exp-KWS/WGIDX/pages_esc/Rodrigo_00783
Exp-KWS/WGIDX/pages_esc/Rodrigo_00784
Exp-KWS/WGIDX/pages_esc/Rodrigo_00785
Exp-KWS/WGIDX/pages_esc/Rodrigo_00786
Exp-KWS/WGIDX/pages_esc/Rodrigo_00787
Exp-KWS/WGIDX/pages_esc/Rodrigo_00788
Exp-KWS/WGIDX/pages_esc/Rodrigo_00789
Exp-KWS/WGIDX/pages_esc/Rodrigo_00790
Exp-KWS/WGIDX/pages_esc/Rodrigo_00791
Exp-KWS/WGIDX/pages_esc/Rodrigo_00792
Exp-KWS/WGIDX/pages_esc/Rodrigo_00793
Exp-KWS/WGIDX/pages_esc/Rodrigo_00794
Exp-KWS/WGIDX/pages_esc/Rodrigo_00795
Exp-KWS/WGIDX/pages_esc/Rodrigo_00796
Exp-KWS/WGIDX/pages_esc/Rodrigo_00797
Exp-KWS/WGIDX/pages_esc/Rodrigo_00799
Exp-KWS/WGIDX/pages_esc/Rodrigo_00800
Exp-KWS/WGIDX/pages_esc/Rodrigo_00801
Exp-KWS/WGIDX/pages_esc/Rodrigo_00802
Exp-KWS/WGIDX/pages_esc/Rodrigo_00803
Exp-KWS/WGIDX/pages_esc/Rodrigo_00804
Exp-KWS/WGIDX/pages_esc/Rodrigo_00805
Exp-KWS/WGIDX/pages_esc/Rodrigo_00806
Exp-KWS/WGIDX/pages_esc/Rodrigo_00807
Exp-KWS/WGIDX/pages_esc/Rodrigo_00808
Exp-KWS/WGIDX/pages_esc/Rodrigo_00809
Exp-KWS/WGIDX/pages_esc/Rodrigo_00810
Exp-KWS/WGIDX/pages_esc/Rodrigo_00811
Exp-KWS/WGIDX/pages_esc/Rodrigo_00812
Exp-KWS/WGIDX/pages_esc/Rodrigo_00813
Exp-KWS/WGIDX/pages_esc/Rodrigo_00814
Exp-KWS/WGIDX/pages_esc/Rodrigo_00815
Exp-KWS/WGIDX/pages_esc/Rodrigo_00816
Exp-KWS/WGIDX/pages_esc/Rodrigo_00817
Exp-KWS/WGIDX/pages_esc/Rodrigo_00818
Exp-KWS/WGIDX/pages_esc/Rodrigo_00819
Exp-KWS/WGIDX/pages_esc/Rodrigo_00820
Exp-KWS/WGIDX/pages_esc/Rodrigo_00821
Exp-KWS/WGIDX/pages_esc/Rodrigo_00822
Exp-KWS/WGIDX/pages_esc/Rodrigo_00823
Exp-KWS/WGIDX/pages_esc/Rodrigo_00824
Exp-KWS/WGIDX/pages_esc/Rodrigo_00825
Exp-KWS/WGIDX/pages_esc/Rodrigo_00826
Exp-KWS/WGIDX/pages_esc/Rodrigo_00827
Exp-KWS/WGIDX/pages_esc/Rodrigo_00828
Exp-KWS/WGIDX/pages_esc/Rodrigo_00829
Exp-KWS/WGIDX/pages_esc/Rodrigo_00830
Exp-KWS/WGIDX/pages_esc/Rodrigo_00831
Exp-KWS/WGIDX/pages_esc/Rodrigo_00832
Exp-KWS/WGIDX/pages_esc/Rodrigo_00833
Exp-KWS/WGIDX/pages_esc/Rodrigo_00834
Exp-KWS/WGIDX/pages_esc/Rodrigo_00835
Exp-KWS/WGIDX/pages_esc/Rodrigo_00836
Exp-KWS/WGIDX/pages_esc/Rodrigo_00837
Exp-KWS/WGIDX/pages_esc/Rodrigo_00841
Exp-KWS/WGIDX/pages_esc/Rodrigo_00842
Exp-KWS/WGIDX/pages_esc/Rodrigo_00843
Exp-KWS/WGIDX/pages_esc/Rodrigo_00844
Exp-KWS/WGIDX/pages_esc/Rodrigo_00845
Exp-KWS/WGIDX/pages_esc/Rodrigo_00846
Exp-KWS/WGIDX/pages_esc/Rodrigo_00847
