Missing Python dependency detected (termcolor). Installing HTRnn requirements...
Collecting pybind11 (from -r HTRnn/requirements.txt (line 1))
  Downloading pybind11-3.0.3-py3-none-any.whl.metadata (10 kB)
Collecting numpy==1.24.1 (from -r HTRnn/requirements.txt (line 2))
  Using cached numpy-1.24.1.tar.gz (10.9 MB)
  Installing build dependencies: started
  Installing build dependencies: finished with status 'done'
  Getting requirements to build wheel: started
  Getting requirements to build wheel: finished with status 'error'
  error: subprocess-exited-with-error
  
  × Getting requirements to build wheel did not run successfully.
  │ exit code: 1
  ╰─> [33 lines of output]
      Traceback (most recent call last):
        File "/home/alumno.upv.es/scheng1/.conda/envs/RFA2526pt/lib/python3.12/site-packages/pip/_vendor/pyproject_hooks/_in_process/_in_process.py", line 389, in <module>
          main()
        File "/home/alumno.upv.es/scheng1/.conda/envs/RFA2526pt/lib/python3.12/site-packages/pip/_vendor/pyproject_hooks/_in_process/_in_process.py", line 373, in main
          json_out["return_val"] = hook(**hook_input["kwargs"])
                                   ^^^^^^^^^^^^^^^^^^^^^^^^^^^^
        File "/home/alumno.upv.es/scheng1/.conda/envs/RFA2526pt/lib/python3.12/site-packages/pip/_vendor/pyproject_hooks/_in_process/_in_process.py", line 137, in get_requires_for_build_wheel
          backend = _build_backend()
                    ^^^^^^^^^^^^^^^^
        File "/home/alumno.upv.es/scheng1/.conda/envs/RFA2526pt/lib/python3.12/site-packages/pip/_vendor/pyproject_hooks/_in_process/_in_process.py", line 70, in _build_backend
          obj = import_module(mod_path)
                ^^^^^^^^^^^^^^^^^^^^^^^
        File "/home/alumno.upv.es/scheng1/.conda/envs/RFA2526pt/lib/python3.12/importlib/__init__.py", line 90, in import_module
          return _bootstrap._gcd_import(name[level:], package, level)
                 ^^^^^^^^^^^^^^^^^^^^^^^^^^^^^^^^^^^^^^^^^^^^^^^^^^^^
        File "<frozen importlib._bootstrap>", line 1387, in _gcd_import
        File "<frozen importlib._bootstrap>", line 1360, in _find_and_load
        File "<frozen importlib._bootstrap>", line 1310, in _find_and_load_unlocked
        File "<frozen importlib._bootstrap>", line 488, in _call_with_frames_removed
        File "<frozen importlib._bootstrap>", line 1387, in _gcd_import
        File "<frozen importlib._bootstrap>", line 1360, in _find_and_load
        File "<frozen importlib._bootstrap>", line 1331, in _find_and_load_unlocked
        File "<frozen importlib._bootstrap>", line 935, in _load_unlocked
        File "<frozen importlib._bootstrap_external>", line 999, in exec_module
        File "<frozen importlib._bootstrap>", line 488, in _call_with_frames_removed
        File "/tmp/pip-build-env-613r39u4/overlay/lib/python3.12/site-packages/setuptools/__init__.py", line 16, in <module>
          import setuptools.version
        File "/tmp/pip-build-env-613r39u4/overlay/lib/python3.12/site-packages/setuptools/version.py", line 1, in <module>
          import pkg_resources
        File "/tmp/pip-build-env-613r39u4/overlay/lib/python3.12/site-packages/pkg_resources/__init__.py", line 2172, in <module>
          register_finder(pkgutil.ImpImporter, find_on_path)
                          ^^^^^^^^^^^^^^^^^^^
      AttributeError: module 'pkgutil' has no attribute 'ImpImporter'. Did you mean: 'zipimporter'?
      [end of output]
  
  note: This error originates from a subprocess, and is likely not a problem with pip.
ERROR: Failed to build 'numpy' when getting requirements to build wheel
ERROR: Failed to install Python dependencies.
