Missing Python dependency detected (termcolor). Installing only termcolor...
Collecting termcolor
  Using cached termcolor-3.3.0-py3-none-any.whl.metadata (6.5 kB)
Using cached termcolor-3.3.0-py3-none-any.whl (7.7 kB)
Installing collected packages: termcolor
Successfully installed termcolor-3.3.0
Using GPU(s): 2
index, name, memory.total [MiB], memory.free [MiB]
0, NVIDIA L40S, 46068 MiB, 45469 MiB
1, NVIDIA L40S, 46068 MiB, 26989 MiB
2, NVIDIA L40S, 46068 MiB, 45469 MiB
3, NVIDIA L40S, 46068 MiB, 45469 MiB
==========================================
Starting HTR training: mié 01 abr 2026 18:19:38 CEST
==========================================

['HTRnn/train.py', '--models-file', 'data/lists/symbols_train.lst', '--data-augm', '--epochs', '120', '--space-symbol', '~', '--batch-size', '15', 'data/data_train', 'data/data_val/', 'models/Optical/rodrigo.pth']

Selected GPU 0

Traceback (most recent call last):
  File "/home/alumno.upv.es/scheng1/Master-IA-RES/Rodrigo/HTRnn/train.py", line 271, in <module>
    logs = open(args.model_name.rsplit('.',1)[0]+".log","w")
           ^^^^^^^^^^^^^^^^^^^^^^^^^^^^^^^^^^^^^^^^^^^^^^^^^
FileNotFoundError: [Errno 2] No such file or directory: 'models/Optical/rodrigo.log'
==========================================
ERROR: Training failed.
==========================================
