10
100
1000
1004
1006
1007
101
1011
102
103
1030
1033
10_3/4_
104
1047
105
106
1061
1063
107
1075
1079
108
1084
109
10TEN
11
110
1109
111
11_1/2_
1119
112
1_1/2_
1128
113
1131
11_3/4_
1136
1138
114
1_1/4_
1141
115
1159
116
1161
1167
117
1174
1179
118
119
1192
11MA
11MO
12
_1/2_
120
121
_1/2_10
_1/2_11
_1/2_12
12_1/2_
1218
122
_1/2_2
123
_1/2_3
124
_1/2_4
125
126
_1/2_6
127
_1/2_7
128
_1/2_8
129
_1/2_9
12MA
12MO
13
130
131
132
133
134
135
136
137
138
13IO
13TEN
14
_1/4_
140
141
142
143
144
145
146
147
148
149
14O
14TEN
15
150
151
152
153
154
155
156
157
158
159
1591
15O
15T
15TA
15TE
15TEN
16
160
1606
161
1611
162
1620
163
1630
1634
164
1640
1642
165
166
1664
1665
167
1670
1673
168
1680
1684
169
1690
1692
1698
1699
16TEN
16TO
17
170
1700
171
172
173
1734
1739
174
1742
1746
1747
1748
1749
175
1751
1752
1754
1755
1756
1758
1759
1760
1762
1763
1764
1765
1766
1768
1770
1771
1772
1773
1774
1775
1776
1777
1778
1779
178
1780
1781
1782
1783
1784
1785
1786
1787
1788
1789
179
1790
1791
1792
1793
1795
1796
1797
1798
17MO
17O
17TEN
18
180
1801
1802
1803
1804
1806
1807
1808
1809
1810
1811
1812
1814
1815
1816
1817
1818
1819
182
1820
1821
1822
1823
1824
1825
1826
1827
1828
1829
183
1830
1831
1834
1835
1836
1837
1838
1839
1840
1841
1842
1844
1845
1846
1847
1848
1849
185
1850
1851
1852
1853
1854
1855
1856
1857
1858
1859
186
1860
1861
1862
1863
1864
1866
1867
1868
187
1873
1874
1877
1878
1879
188
1880
1881
1882
1883
1884
1885
1886
1887
1888
1889
189
1890
1893
1894
1896
1897
1898
18O
18STEN
18TEN
19
192
194
195
196
197
198
199
19NO
19TEN
1O
1STEN
1TEN
20
200
201
202
203
204
205
206
207
208
20MO
20STEN
20TEN
21
21_1/2_
2_1/2_
214
2_1/4_
215
216
217
219
22
220
221
223
224
226
2267
229
22TEN
23
230
231
232
234
2_3/4_
235
236
238
239
24
241
242
243
244
245
246
247
249
24A
24B
24C
25
251
25_1/2_
252
253
255
256
257
258
259
25O
25STEN
25TO
26
260
263
264
265
269
26STEN
26T
27
28
280
284
289
28STEN
28TEN
29
292
292_1/2_
294
295
297_1/2_
29STEN
29TEN
2DA
2MO
2TE
2TEN
30
302
305
30MA
30TEN
31
3_1/2_
31STEN
31TEN
32
326
327
33
335
34
_3/4_
344
_3/4_4
35
350
351
357
358
36
361
363
364
37
38
38_1/2_
39
3IO
3O
3TE
3TEN
3TI
3TIA
3TIO
3TN
40
41
4_1/2_
4_1/4_
42
43
44
44_1/2_
45
46
47
48
49
4O
4TE
4TEN
50
51
5_1/2_
5_1/4_
52
53
54
54_1/2_
55
56
57
579
579A
58
59
5O
5TE
5TEN
5TUS
60
61
6_1/2_
62
63
64
65
66
67
68
69
6STEN
6TA
6TEN
6TO
70
71
7_1/2_
72
73
74
75
76
77
78
79
790
7BER
7O
7TEN
80
81
811
812
8_1/2_
82
83
84
844
849
85
859
86
864
87
874
876
879
88
88_1/2_
882
888
889
89
894
8BRIS
8O
8TEN
90
908
91
9_1/2_
915
92
923
929
93
931
94
949
95
951
96
962
965
97
972
978
98
99
9BER
9BRIS
9NO
9T
9TEN
AB
ABDREAS
ABDS
ABENDS
ABLASSMAIER
ABLASSMAYER
ABOLGER
ABRAHA
ABRAHAM
ABREL
ABRIL
ABSMAIER
ABSMAYER
ABT
ABZEHRUNG
AC
ACHATII
ACHATZ
ACKERMAN
AD
ADALBERG
ADAM
ADAMI
ADAMS
ADAMUS
ADAMWEBER
ADENBRUNNER
ADFUIT
ADHUC
ADLBERGER
ADLBURGER
ADM
ADNPERGERS
ADOLF
ADOLPH
ADP
ADPR
ADRIAN
AEDIBUS
AEDITUI
AEDITUUS
AEGIDIUS
AELTERN
AEMTER
AERZTE
AFFINITATIS
AFHAM
AGATHA
AGNES
AGNETIS
AGONE
AGRICOLA
AHOLINGER
AHORNET
AHORNETH
AHORNOD
AHORNTH
AICHA
AICHACH
AICHAT
AICHB
AICHBERGER
AICHENSIS
AICHER
AICHET
AICHINGER
AICHNER
AICHSCHMIDT
AIDEN
AIDENBACH
AIDINGER
AIG
AIGEN
AIGENSTADL
AIGN
AIGNER
AIGNSTADEL
AIGNSTADL
AIGRINGER
AIN
AINMAHL
AINSTAND
AINWALD
AL
ALB
ALBER
ALBERSDORF
ALBERSPER
ALBERSPERGER
ALBERSTORF
ALBERTUS
ALBLIN
ALBOCKH
ALBRECHT
ALBRECHTSBERGER
ALDORTHEN
ALEMON
ALEND
ALENDA
ALENDI
ALENDUS
ALEX
ALGEIER
ALHIE
ALIMENTARIA
ALIMENTARIUS
ALKOFEN
ALL
ALLDA
ALLE
ALLEN
ALLGEIER
ALLGEYER
ALLH
ALLHIER
ALM
ALMES
ALMESBERGER
ALMESHUBER
ALOIS
ALOYS
ALOYSIA
ALPHABETARISCHES
ALPHABETISCHES
ALS
ALSBERSDORF
ALSENBORN
ALSO
ALT
ALTE
ALTEICH
ALTENBERGER
ALTENDOR
ALTENDORFER
ALTENODER
ALTENWORLINS
ALTER
ALTERS
ALTERSSCHWACH
ALTERSSCHWACHE
ALTFALTERN
ALTHAMER
ALTMAN
ALTREICHENAU
ALTSTETTER
ALZENHOF
ALZER
ALZERSPERG
ALZESBERG
AM
AMALIA
AMB
AMBERGER
AMBO
AMBORU
AMBROS
AMBROSIUS
AMBROSS
AMERGUT
AMERTSMAN
AMMEISSER
AMMER
AMON
AMP
AMT
AMTLICHE
AN
ANA
ANAE
ANASTASIA
ANATHAL
ANBECK
ANCILLA
ANDEM
ANDERSPERGERIN
ANDORFER
ANDR
ANDRA
ANDRE
ANDREAE
ANDREAM
ANDREAS
ANDRES
ANDRIT
ANETS
ANETSBERGER
ANETZBERG
ANETZBERGER
ANGEBLICH
ANGEFANGEN
ANGEH
ANGEHEN
ANGEHEND
ANGEHENDER
ANGER
ANGERER
ANGERHAU
ANGERHAUSERN
ANGERING
ANGERMAIR
ANGERMAYER
ANGERMAYR
ANGERSTEIG
ANGNER
ANGSIESSS
ANMERKUNG
ANMERKUNGEN
ANN
ANNA
ANNAE
ANNAM
ANNDRE
ANNEZEDER
ANNI
ANNO
ANNORU
ANNOS
ANNUS
ANONYMA
ANONYMUS
ANSELM
ANSIEDLER
ANSTOSSER
ANT
ANTE
ANTESBERGER
ANTON
ANTONI
ANTONIA
ANTONII
ANTONIUS
ANWANDER
ANWESENS
ANZINGER
AO
AP
APFELBECK
APFLBOCK
APHROSINA
APLHOFEN
APOLL
APOLLONIA
APOLON
APOLONIA
APOPLEXI
APOPLEXIA
APOPLEXIE
APOSTOLICUS
APOTHEKER
APPOLONIA
APPRILLIS
APR
APRIL
APRILI
APRILIS
APUD
AR
ARBEITER
ARBING
ARBINGEN
ARBINGER
ARCHANGELI
ARDUS
ARMENSPITALE
ARMINGER
ARNN
ARNNS
ARNNSTARFFER
ARNOLD
ARNOLDSTEIN
ART
ARZT
ARZTL
ASAM
ASANGERIN
ASBECK
ASCHBERG
ASCHENBRENER
ASCHER
ASEN
ASHPACH
ASHPECKH
ASLERSS
ASM
ASN
ASPERZHAIM
ASPERZHEIM
ASSEL
ASSERIT
ASSESSORSKIND
ASSIST
ASSISTENS
ASTERN
ATGERSDORFER
ATIONBS
ATONIE
ATQ
ATROPHIA
ATROPHIE
ATZINGER
AU
AUCH
AUER
AUERBACH
AUERIN
AUERLEUTHNER
AUF
AUFENT
AUFENTHALS
AUFENTHALT
AUFENTHALTS
AUFENTHALTSORT
AUFFENTHALTS
AUFHAUSEN
AUFHAUSER
AUFHAUSS
AUFHAUSSEN
AUFSCHLOGER
AUG
AUGENTHALL
AUGST
AUGUST
AUGUSTA
AUGUSTI
AUGUSTIN
AUGUSTINUS
AUGUSTUS
AULEUTHNER
AULINGER
AUMILL
AUMILLERS
AUMILLNER
AUS
AUSBRUM
AUSGETO
AUSNAHMS
AUSS
AUSSEREH
AUSSEREHL
AUSSERNBRUNST
AUSTRAG
AUSTRAGS
AUSTRAGSGUTLER
AUSZEHRUNG
AUTHALLER
AUXILIATRICIS
AVRIL
AW
AWER
AZINGER
AZT
BACH
BACHHOFER
BACHL
BACHMAIER
BACHMAN
BACHMAYR
BACHMEIER
BACHSCHWELLER
BACHSTEFEL
BACK
BACKER
BACKERGESELLENS
BACKERIN
BACKERINN
BACKERJUNGE
BACKERMEISTER
BACKERS
BACKERSGESELL
BACKERSSOHN
BACKHUBER
BAD
BADERSWITTWE
BAHNWAR
BAHNWARTER
BAIDER
BALDAUF
BALNELATOR
BALTAUF
BALTHASAR
BAMESREUTER
BANHOLZ
BANK
BANNHAM
BAPT
BAPTI
BAPTISATA
BAPTISATUS
BAPTISMATA
BAPTIST
BAPTIZANS
BAPTIZATA
BAPTIZATI
BAPTIZATUS
BAPTIZAVI
BAR
BARA
BARAE
BARB
BARBARA
BARBARAE
BARBARE
BAREN
BARHOF
BARHOFER
BARHOLOMAEUS
BARTHLBOCKH
BARTHO
BARTHOL
BARTHOLOMA
BARTHOLOMAEI
BARTHOLOMAEUS
BARTHOLOME
BARTL
BARTLIN
BASTLER
BAU
BAUCHFELL
BAUER
BAUERIN
BAUERINN
BAUERN
BAUERNSOHN
BAUERNTOCHTER
BAUERS
BAUERSEHELEU
BAUERSEHELEUTE
BAUERSKIND
BAUERSLEUTE
BAUERSSOHN
BAUERSTOCHTER
BAUHUBER
BAUM
BAUMANN
BAUMBSTETTER
BAUMER
BAUMGART
BAUMGARTNER
BAUMGARTNERIN
BAUMGARTNERS
BAUMLER
BAUR
BAURIN
BAURINN
BAURN
BAYER
BAYERIN
BAYR
BAYRN
BECHLER
BECK
BEDEDICTUS
BEEDE
BEEDER
BEEDT
BEELL
BEER
BEERDIGUNG
BEET
BEGEBEN
BEGRABEN
BEH
BEHAIM
BEHAM
BEHEIM
BEI
BEIDE
BEIERBACH
BEIM
BEISEIN
BEISL
BEISLINGER
BEISSEN
BEMERK
BEMERKUNGEN
BEMISCH
BENANTEM
BENED
BENEDICT
BENEDICTIONE
BENEDICTUS
BENEDIKT
BENEF
BENEFI
BENEFICIAT
BENEFICIATUS
BENEN
BENF
BENNO
BER
BEREITTER
BERER
BERG
BERGBAUER
BERGER
BERGERIN
BERN
BERNARD
BERNARDINUS
BERNARDUS
BERNDORFER
BERNHARD
BERNSTORFER
BERSPERGER
BERSSOHN
BERTHA
BES
BESCHAI
BESCHAIDEN
BESCHECH
BESCHECHEN
BESCHEINI
BESCHLIN
BESITZER
BESONDERE
BETSTETTER
BETTSTETTER
BEUERBACH
BEUTELSBACH
BEY
BEYD
BEYDE
BEYM
BEZ
BEZIRKS
BEZIRKSAMT
BEZW
BI
BIBERSLEHNER
BIBIANA
BIEBL
BIERMAIER
BIERWIRTHS
BIERWURTHS
BILDL
BILLA
BINDER
BINDERIN
BINDERS
BING
BIRCKA
BIRGITHA
BIRGITTA
BIRKE
BIRLINGMAYER
BIRNDORFER
BIRNDORFNER
BIRNREITER
BIS
BISCHOFER
BISHER
BISHERI
BISHERIGER
BITTL
BIXENMACHER
BLANK
BLANKL
BLAS
BLASINGLS
BLASIUS
BLATTE
BLEICHER
BLIEML
BLINDHAM
BLOCH
BLOCHL
BLUEMSTINGL
BLUEMSTINGLIN
BLUMELHUBER
BLUMLMULLER
BLUMSTINGL
BOCHLEUTHNERIN
BOCKSLEITNER
BOGNER
BOHAM
BOHMEN
BONGERN
BOSSSINGER
BOTHE
BOX
BOXLEITNER
BRA
BRACHIN
BRADLBERG
BRAND
BRANDELSCHEIDER
BRANDLIN
BRANDLINN
BRANDTSTADTER
BRANDWEIN
BRATFISCHW
BRAU
BRAUER
BRAUERS
BRAUKNECHT
BRAUN
BRAUNAU
BRAUNE
BRAUSTORF
BRAUT
BRAUTI
BRAUTIGAMS
BRAUTIGAMS'
BRAUTLEUTE
BREI
BREIN
BREITEN
BREITENBERG
BREITENFELL
BREITENFELLNER
BRENER
BRENZINGER
BREU
BREZ
BREZER
BRIG
BRIGITTA
BRIGITTAE
BRODMAN
BROMBACH
BROSS
BRSS
BRST
BRU
BRUCK
BRUCKH
BRUCKMAIER
BRUCKMOSER
BRUCKMUHLE
BRUDER
BRUDERHAUS
BRUDERHAUSS
BRUEDER
BRUMER
BRUN
BRUNBAUER
BRUNBERG
BRUNDL
BRUNER
BRUNGASSE
BRUNHUBER
BRUNNER
BRUNNTHAL
BRUNO
BRUSTWASSERSUCHT
BUBLINN
BUCH
BUCHBERG
BUCHBERGER
BUCHDRUCKERSSOHN
BUCHE
BUCHECKER
BUCHENECKER
BUCHES
BUCHINGER
BUCHNER
BUCHPAUR
BUECHPAUR
BUJEK
BUMBERGER
BUNDSCHUH
BUONO
BURG
BURGER
BURGERISCHEN
BURGERL
BURGERS
BURGL
BURGTHALER
BURT
BUTTINGER
BUTZENBERGER
BYRCHA
CACILIA
CAEREMONIEN
CAJETAN
CAM
CAMER
CAMERHUEBER
CANONICUS
CAP
CAPELLA
CAPIT
CAPITL
CAPUCINORU
CAR
CARL
CAROLUS
CAROSSA
CASPAR
CASPARI
CASPARIS
CASPARUS
CATARINA
CATARINAM
CATARRH
CATH
CATHA
CATHAR
CATHARINA
CATHARINAE
CAUPO
CAZI
CCHRISTINA
CELEBRAVIT
CELTMAIR
CERSKIND
CESSITATEM
CHE
CHER
CHERSTOCHTER
CHIR
CHIRURG
CHL
CHRISTI
CHRISTIAN
CHRISTIANUS
CHRISTIN
CHRISTINA
CHRISTINAM
CHRISTL
CHRISTOF
CHRISTOFEN
CHRISTOFIN
CHRISTOFORUS
CHRISTOPH
CHRISTOPHEN
CHRISTOPHORI
CHRISTOPHORUUS
CHRISTOPHS
CHURURG
CHY
CHYR
CHYRURG
CIVIS
CIVVES
CLAFFLS
CLAMAT
CLARA
COADJ
COL
COLAE
COLERS
COLON
COLONA
COLONI
COLONUS
COLONUUS
COMISSIONAR
CON
CONIUG
CONIUGUM
CONJ
CONJUGIS
CONRAD
CONSIGNATIO
CONTRACTUS
CONTRAXERUNT
CONTRAXIT
COOP
COOPER
COOPERATOR
COPUL
COPULANS
COPULATI
COPULATORUM
CORON
CORONA
CORPORAL
CORPORIERT
CORREPTUS
CRAMER
CREIZBERG
CRESC
CRESCENTIA
CRESCENZ
CRESZENZ
CREUZBERG
CREYZBERG
CRI
CRIS
CRISTINA
CRISTINAE
CRISTOF
CRISTOFFEN
CRISTOFFORI
CRON
CRONSPERG
CRUSILLA
CU
CUIUS
CULARII
CUM
CURAE
CURR
CUSTOR
DA
DAAL
DACHTPOCKH
DAHIER
DAINER
DALHAMB
DALLING
DAMING
DAN
DANGLIN
DANHAUSER
DANKES
DANKESREITER
DARMKATARRH
DASCHNERIN
DASELBST
DASELBSTEN
DATENS
DATO
DAVID
DAVIDS
DBIS
DBR
DBTIS
DE
DEBAUERSEHELEUTE
DEBITIS
DEC
DECANUS
DECBR
DECEMB
DECEMBER
DECEMBR
DECHING
DECIMO
DEFUNCTI
DEI
DEICHSTETTERIN
DEINER
DEISENBERGER
DEIXLBERGER
DEKANS
DELSEDER
DEM
DEMEL
DEMELEDER
DEN
DENCK
DENEN
DENGLER
DENIFL
DENUNC
DENUNCIA
DENUNCIATION
DENUNCIATIONEN
DENUNCIT
DENUNT
DENUNTIATIONEN
DENUNZIA
DER
DEREN
DERIN
DERINN
DERMAL
DERSELBE
DERSELBEN
DES
DESCHING
DESLIN
DESS
DESSEM
DESSEN
DESSS
DESSSEN
DETTO
DEUNZIAT
DEY
DEZ
DEZB
DEZEM
DEZEMBER
DEZEMBR
DICHTL
DICTAE
DIE
DIEI
DIENDORF
DIENER
DIENST
DIENSTE
DIENSTEN
DIENSTKNECHT
DIENSTMAGD
DIER
DIES
DIESE
DIESELBE
DIETFURT
DIETL
DIETRICH
DIEWALD
DIG
DIGE
DIGUNG
DIN
DINGER
DIONYS
DIRNBERGER
DIRNN
DIRREN
DISER
DISP
DISPENS
DISPENSE
DISPENSENS
DITO
DITS
DNI
DNS
DNUS
DOBL
DOCHTER
DOCTISSIMUS
DOCTOR
DODINGER
DOGNBERGERIN
DOM
DOMICIL
DOMINI
DOMINICA
DOMUN
DOMUNC
DOMUNCU
DONABAUER
DONAUWETZ
DONAUWETZD
DONAUWETZDORF
DONAWETZD
DONAWETZDORF
DORF
DORFER
DORFFENGRABNER
DORFNER
DOROTHEA
DOROTHEAM
DORT
DR
DRAXENBERG
DRAXL
DRAXLER
DREAS
DRECHSLER
DRECHSLERHAUSES
DRESCHSLER
DREXLER
DREY
DRITTLETZTEN
DROHSTAUF
DRUCK
DSELBEN
DT
DTO
DU
DUCIT
DULLINGER
DUNG
DUODECIMA
DURCH
DURMANSSANG
DUS
DUSCHL
DUTTING
DUTZMAN
DZO
EBENFALLS
EBENFELLNER
EBERL
ECCLESIAE
ECHERSTORFER
ECKBAUER
ECKER
ECKERLINN
ECKERSDORFE
ECKERSTORFER
ECKHELSPERGER
ECKHINGERS
ECKHOF
ECKING
ED
EDEL
EDENHOFER
EDER
EDERIN
EDERS
EDHOF
EDHOLZNER
EDL
EDLM
EDLMANN
EDT
EDTHOFER
EDTMAYR
EEDER
EEDERS
EGELFING
EGGELFING
EGGENDOBL
EGGENFEL
EGGENFELD
EGGENFELDEN
EGGER
EGGERL
EGGERT
EGGLFING
EGIDI
EGIDII
EGIDIUS
EGING
EGKH
EGLFING
EHE
EHEE
EHEELEIBLICHER
EHEELICHT
EHEFR
EHEFRAUEN
EHEGEMAHL
EHELEIBER
EHELEIBL
EHELEIBLICHE
EHELEIBLICHER
EHELEUTE
EHELICH
EHELICHE
EHELICHER
EHEMAN
EHEMANN
EHEW
EHEWEI
EHEWEIB
EHEWEIBES
EHREN
EHRENTHALER
EHRING
EHRNTUGENT
EHRNTUGENTSAMBEN
EHRNVESSTEN
EI
EIBL
EIBLIN
EICHE
EICHINGER
EIER
EIGEN
EIGENSTADL
EIN
EINEM
EINER
EINES
EINIGE
EINZENDOBELL
EIREINER
EISABETH
EISEN
EISER
EISERSTARF
EISNFELDEN
EISSVOGLIN
EISVOG
EISVOGL
EIUS
EIUSDE
EIUSDEM
EIZENBERG
EIZNBERG
EJUS
EKHELHOLZ
ELI
ELIAS
ELIS
ELISA
ELISAB
ELISABETH
ELISABETHA
ELISE
ELLINGER
ELLTER
ELSBAUER
ELTER
ELTERN
EMERENZ
EMIL
EMILIE
EMPERTSREITH
EMPL
EMPLOYE
EMPRECHTSREUT
ENDL
ENGERS
ENGERSBERGER
ENGERZA
ENGETSBERGER
ENGLBURG
ENT
ENTAU
ENTHALTS
ENTHAU
ENTKRAFTUNG
ENTZUN
ENTZUNDUNG
ENZL
EOD
EODE
EODEM
ER
ERASM
ERBAREN
ERBING
ERBN
ERDL
ERDLIN
ERDTL
ERERMEI
ERHARD
ERINN
ERKLART
ERKRANKT
ERL
ERLMAYR
ERMEISTER
ERN
ERNST
ERSTEN
ERSTER
ERSTOCHTER
ERTHEILG
ERTHEILT
ERTL
ERTRUNKEN
ERWORBEN
ERZEIGTEN
ERZEIGTER
ESCHBERG
ESEEDT
EST
ESTER
ET
ETHAL
ETTLING
EUGEN
EULESIAE
EUPHROSIN
EUPHROSINA
EUPHROSINAE
EUPHROSINE
EUSTACHIUS
EV
EVA
EVAE
EVANG
EVANGE
EX
EXA
EXAM
EXCOR
EXCORIATORES
EXPOS
EXTER
EXTR
EXTRA
EXTREM
EYBEL
EYBL
EYMANSBERGER
EZING
FA
FAB
FABER
FACIE
FACLTAS
FACTORS
FACULTATE
FALCKEN
FALCKENPERGER
FALCKERTING
FALCKHENPERGER
FALCKHER
FALCKHERDING
FALCKHERTING
FALKENBACH
FALLE
FALLINBREIN
FALSO
FALTER
FALTERMAYER
FALTINGER
FAMILIENNAME
FAMULA
FANDL
FARBERS
FARBERSS
FARBERST
FARMHA
FATI
FAUG
FEB
FEBR
FEBRU
FEBRUAR
FEBRUARII
FEBRUARIO
FEBRUARIUS
FEBRUARY
FEINSINGER
FEL
FELDMAIER
FELDSCHEID
FELDSCHMID
FELLNER
FELSCHING
FELSEN
FEMBERG
FEN
FENZGL
FENZL
FENZLINN
FER
FERBERS
FERDINAND
FERIA
FERIATO
FERIERT
FERNNREISINGER
FERNREISACH
FERNREISINGER
FESL
FESTO
FETZ
FEUCHT
FEUCHTINGER
FEUCHTINN
FF
FICKENHOF
FIERT
FIL
FILI
FILIA
FILIAE
FILIAM
FILII
FILIU
FILIUS
FISCH
FISCHER
FISCHERKLING
FISCHERMAISTERIN
FISCHERS
FISCHIN
FISCHL
FL
FLEISCHHACKHERS
FLIA
FLIUS
FLORES
FLORIAN
FLOSSINGER
FLUSS
FLUSSWART
FOEDERL
FOL
FOLGE
FONTE
FORCHAMER
FORG
FORM
FORNHAMER
FORSTER
FORSTHART
FORSTNER
FORTSETZG
FORTSETZUNG
FR
FRAGNER
FRAIS
FRAISEN
FRANCISCA
FRANCISCANUS
FRANCISCI
FRANCISCUS
FRANZ
FRANZISCA
FRANZISK
FRANZISKA
FRANZISKUS
FRANZO
FRANZOS
FRATER
FRAU
FRAUEN
FRAUENBERG
FRAUENDORF
FRAUENHOLZ
FRAUENHUBER
FRAUENWALD
FRAUNAUERIN
FREIUNG
FREIUNGEN
FREMBTEN
FREUNDORFER
FREUNDT
FREUNDTSCHAFFT
FREUNDTSCHAFT
FREYDHOFF
FREYDOBLER
FREYENSTEIN
FREYUNG
FRIDL
FRIDLIN
FRIEDL
FRIEDR
FRIEDRICH
FRIESL
FRITZ
FRNZ
FROHNAU
FROLIHS
FRUH
FRUHER
FRUHGEBURT
FRXAV
FRZ
FUCHS
FUCHSIN
FUCHSPERGER
FUERUNT
FUHRERG
FUHRERGASSE
FUIT
FUM
FUNDATUM
FUNEBRIA
FUNFFEICHNER
FURDTER
FURHOLZ
FURMBAUERIN
FURST
FURSTEN
FURSTENSTEIN
FURSTENZELL
FUSSE
FUTURO
FUX
FUXEDT
FUXIN
GAAR
GABERHEL
GABRIEL
GAHR
GAIS
GAISRUCK
GAISSINGER
GALGWEIS
GALLEITNER
GALLUS
GAMER
GAMS
GANGARATS
GANGHARTING
GANGI
GANGKOFER
GANGLIN
GANNG
GANSBERGER
GANSFELDNER
GANSMAIER
GAR
GARETHA
GARHAIM
GARHAM
GARHAMB
GARHAMER
GARTEN
GARTNER
GARTNERIN
GARTNERS
GASSEN
GASSENBEYRIN
GASTORFER
GASTWIRT
GAT
GATAUFT
GATTEN
GATTIN
GAUER
GE
GEB
GEBAHR
GEBAHRMUTTERN
GEBARMUTTERN
GEBEN
GEBHARDT
GEBOHR
GEBOHREN
GEBOHRENEN
GEBOREN
GEBORENEN
GEBORNE
GEBORNEN
GEBURT
GEBURTIG
GEBURTS
GEBURTSHELFERS
GEDARM
GEDARMKATARRH
GEFERTING
GEG
GEGEN
GEGENBACH
GEGGESREUT
GEHALTEN
GEHALTN
GEHEN
GEHORIG
GEIER
GEIGER
GEIGERBAUR
GEINEDER
GEIS
GEISLSSTARF
GEISSELMANNIN
GEIST
GEISTL
GELBSUCHT
GELEUT
GEM
GEMAHL
GEMEL
GEN
GENANT
GENOVE
GENOVEFA
GEORG
GEORGEN
GEORGII
GEORGIUS
GEORGIUUS
GER
GERER
GERETSCHLAGER
GERG
GERHAR
GERHARDINGER
GERHAUSERN
GERHOLTING
GERICHTSVOLL
GERIN
GERINN
GERLSBERGER
GERN
GERO
GERSTARF
GERT
GERTR
GERTRAUD
GERTRUDIS
GESCHIE
GESCHIEDE
GESCHIEDENEN
GESCHLACHTS
GESCHLECHTS
GESCHLECHTSNA
GESCHLECHTSNAME
GESELL
GESOLL
GEST
GESTELLT
GESTORBEN
GESTORBENEN
GESTRENGEN
GET
GETAUFT
GETAUFTEN
GETRAUT
GETRAUTEN
GETREUT
GEWESNER
GEWESSTER
GEWEST
GEWESTE
GEWESTEN
GEWOHN
GEYER
GEYERIN
GEYERS
GEYERSBERG
GG
GINN
GINZL
GION
GISELA
GIST
GITZ
GITZINN
GLAS
GLASER
GLATZL
GLATZLINN
GLAZL
GLEICHEL
GLOGGEN
GMAIN
GNADLARN
GNANDL
GNEISTERN
GNEISTING
GOBL
GODEFRIDUS
GODER
GODERER
GOGGESREITH
GOGGESREUT
GOGGINGER
GOLDBERGER
GOLDBERGERIN
GOLDTSCHMIDTS
GOLLING
GOLLNER
GOLLNERBERG
GOLLNERSBERG
GOLLOCKHER
GOLTL
GOLTLMUHLE
GORG
GORGEN
GOSSL
GOSTING
GOTT
GOTTFRIED
GOTTH
GOTTHARD
GOTTHARDI
GOTTHARDUS
GOTTL
GOTTLIEB
GOTTSCHALLER
GOTTSCHALLN
GOTZ
GR
GRA
GRABEN
GRABER
GRABL
GRABMAIER
GRADEN
GRAF
GRAFENAU
GRAFF
GRAFSCHAFFT
GRAINAT
GRAINERIN
GRAINET
GRAINETH
GRAMILLER
GRAML
GRANDL
GRANSTORFFERS
GRAS
GRASMAN
GRASMAYR
GRASSL
GRATIS
GRATZL
GRAZ
GREGOR
GREGORII
GREGORIUS
GREILL
GREIMEL
GREINER
GREINERS
GREIPELS
GREIPL
GREIPLIN
GREIPPL
GREITTER
GREMPEL
GRENDLTOCHTER
GRESS
GRIEBL
GRIESBACH
GRIESMAN
GRILHASS
GRILL
GRILLENBERG
GRILLHAASEN
GRILLHAS
GRIMBS
GRIMPS
GRINZINGER
GRIPPE
GROISS
GROLL
GROMER
GRONNER
GROSS
GROSSEN
GROSSHAUSLERS
GROSSIN
GROSSMAYR
GROSSSANDTNER
GROSSWIESEN
GROTTENTHAL
GRTRAUT
GRUBER
GRUBERIN
GRUBL
GRUBLINGER
GRUBMULLER
GRUEBER
GRUNAUER
GRUNBERGER
GRUND
GRUNDINGER
GRUNDL
GRUNDLINGER
GRUNDMILLERIN
GRUNDMULLER
GRUNDMULLERIN
GRUNDOBLER
GRUNENBAUMWURTH
GRUNZINGER
GRUOBERIN
GRUTSCHI
GSCHWENDTHOF
GSCHWENDTNER
GSCHWENT
GSELL
GSENGET
GSOKERT
GSOTBERGER
GSTOCKERT
GSTOCKHET
GSTOTTNER
GUARDIANUS
GUAT
GUATTE
GUATTER
GUATTERIN
GUBISCH
GUETENHOFEN
GUETHAISSEN
GUETTSMIETTL
GUNERDING
GUNG
GUNTNER
GUNZ
GUNZING
GURGLIN
GURLING
GUROIN
GUT
GUTENHOFEN
GUTERFALL
GUTERHALLSTR
GUTLER
GUTLERIN
GUTLERS
GUTLERSSOHN
GUTLERSTOCHTER
GUTLS
GUTTERLADERS
GWESEN
HAARBACH
HAARDORF
HAARSTUBEN
HAAS
HAASIN
HAASINN
HAASS
HABEREDERIN
HABERL
HABERSKIRCHEN
HABERSKIRCHER
HACKEL
HACKELBERG
HACKHER
HACKHLIN
HACKLBER
HACKLBERG
HADER
HAFENEDER
HAFFNERS
HAFNER
HAFNERZELL
HAGN
HAGNFURTER
HAHN
HAID
HAIDER
HAIDNER
HAINREITHER
HAINZELS
HAINZL
HAITHER
HAITZING
HAKHL
HALB
HALS
HALSBRAUNE
HALSENTZUNDUNG
HALSER
HALTERS
HALTS
HALTSORT
HAM
HAMBERGERIN
HAMER
HAMERING
HAMLETSBERGER
HANDELSFRAU
HANDELSMAN
HANDELSMANN
HANDELSMANS
HANDL
HANDLER
HANDLSSHER
HANDLUNG
HANDWERK
HANEDER
HANEL
HANENSCHLAGER
HANESCHLAEGER
HANESCHLAGER
HANETSCHLAGER
HANICHEL
HANIHAUS
HANL
HANN
HANNS
HANNSEN
HANNSL
HANNSS
HANNSSEN
HANNSSWEBER
HANOSENBAUER
HANS
HANSEN
HANSS
HARBOCK
HARBOCKH
HARDINGER
HARDT
HARMERING
HARSDORF
HARSLEM
HART
HARTINGER
HARTKHIRCHER
HARTKIRCH
HARTKIRCHEN
HARTL
HARTMANSBRAND
HARTTMANSBRAND
HARTUNG
HARWEKHEN
HASCH
HASELBERGER
HASELDORF
HASENBERGER
HASENOHRL
HASIN
HASLACH
HASLINGER
HASMAN
HASMANEN
HASNERL
HASS
HASSEN
HASSLSTORF
HASSLSTORFF
HAT
HATTENSREITER
HATZL
HAUER
HAUNFANG
HAUNREIT
HAUNREITH
HAUNREITHER
HAUS
HAUSBE
HAUSBES
HAUSBESITZERS
HAUSER
HAUSERN
HAUSES
HAUSFFRAU
HAUSFR
HAUSKNECHT
HAUSL
HAUSLER
HAUSLERIN
HAUSLERS
HAUSLERSSOHN
HAUSLERST
HAUSLERSTOCH
HAUSLERSTOCHTER
HAUSMANN
HAUSNER
HAUSS
HAUSSFRC
HAUSSL
HAUTIGE
HAUZENBERG
HAUZENBERGER
HAUZENBERGERIN
HAYN
HAYNINN
HE
HEBAME
HEBAMME
HEBD
HEBE
HEBERSTORFFER
HEBNKRIEG
HECHBERGER
HECKER
HEDWIG
HEFELLNER
HEFELNER
HEFT
HEGENSODERIN
HEHBERGER
HEHENBERGER
HEHENSTETTERPFAR
HEIBERPERBER
HEIBL
HEIGL
HEIMATHS
HEIMATSORT
HEINDL
HEINDLMUHL
HEININGER
HEINRICH
HEINZING
HEINZL
HEIRATHS
HEISPATING
HEIZING
HELDENGUT
HELENA
HELLAUER
HELMSPERGEREN
HENERSPERGEREN
HENES
HER
HERABGEFUHRT
HERBEZAMB
HERIGER
HERMAN
HERMANN
HERMANSTORF
HERN
HERR
HERRN
HERRNSTRASSE
HERSCHAFT
HERZBEUTEL
HERZLEIDEN
HERZOG
HERZOGS
HERZOGSREITH
HERZOGSREUT
HERZWASSERSUCHT
HEU
HEURAT
HEURATHS
HEURATHSLI
HEUSLMAIR
HEUWIE
HEUWIESER
HEYBOCK
HEYNINGER
HEYRATHS
HF
HIC
HIDINGERS
HIE
HIER
HIERLER
HIEZIN
HIL
HILFE
HILFSPRIESTER
HILLINGER
HILZ
HIMPSL
HIMPSSL
HIMSL
HIN
HINDERLASSENE
HINDERLASSNE
HINDERLASSNER
HINDERSCHMIDIN
HINDLER
HINSCHEIDENS
HINTER
HINTERECKER
HINTERFREUN
HINTERFREUNDORF
HINTERLASSNE
HINTERSCHMIDING
HIPFL
HIPFLIN
HIRLER
HIRSCHEN
HIRSCHENBERG
HIRSCHER
HIRTE
HITZING
HITZINGER
HIZING
HL
HOBEL
HOBELSBERGER
HOBELSPERGER
HOBELSPERGERIN
HOBER
HOBERSBERG
HOBERSPERG
HOBESBERG
HOBLSPERGER
HOBLSPERGERIN
HOC
HOCHENAU
HOCHFURSTL
HOCHOLZ
HOCHSTAUDERT
HOCHTL
HOCHZEIT
HODL
HODLIN
HOEGLER
HOEPFL
HOF
HOFBAUER
HOFEN
HOFER
HOFFREITH
HOFFREITHER
HOFFSCHMIDTS
HOFKHIRCHEN
HOFKIRCHEN
HOFL
HOFLIN
HOFMAN
HOFMANN
HOFMEISTER
HOFPAUER
HOFPAWER
HOFREITER
HOFREITERS
HOFREITHER
HOFREITTER
HOFREUTER
HOFSTALLER
HOFSTATTER
HOFSTETER
HOFWIRTH
HOFWIRTHS
HOGERLE
HOGN
HOHEL
HOHENAU
HOHENBERGER
HOHENBRUN
HOHENSTADT
HOHENSTETTEN
HOHOLZ
HOHOLZER
HOL
HOLLER
HOLLHAMER
HOLLINGER
HOLLMUL
HOLLMULLER
HOLZ
HOLZGATTERN
HOLZHAIMERS
HOLZHAMERS
HOLZHAUSEN
HOLZHAUSERN
HOLZHUTTLER
HOLZHUTTLERS
HOLZKHIER
HOLZKHIERCHERPFAR
HOLZKIRCHEN
HOLZL
HOLZLOD
HOLZMAN
HOLZMUHLE
HOLZMULLER
HOLZSCHLAG
HOLZSTATT
HOMINIS
HONESTI
HONESTUS
HOPELL
HOPFINGER
HOPFINGERSS
HOPFL
HOPLER
HOPPER
HOR
HORA
HORDT
HORMANSDORF
HORMANSED
HORMANSTORFF
HORMERING
HORTLER
HORTRICH
HORZOGSREUT
HOSCHMANNEN
HOSPITIS
HOSPITISSA
HOTZENDORF
HOTZERREUT
HR
HS
HSL
HSLER
HSLERS
HSLERSS
HSLERST
HSLR
HUB
HUBBAUER
HUBELSBERGER
HUBER
HUBERIN
HUBREITH
HUEBER
HUEBEREN
HUEFFSCHMID
HUETING
HUETINGER
HUETTERER
HUETTERIN
HUFNAGEL
HUGNPERGER
HUIUS
HULDSESSEN
HUNDS
HUNDSDORF
HUNDSOD
HUNENBERGER
HUNGERBERG
HUNSDORF
HUNSRUCK
HUOBHOLZ
HURNER
HURSCHIN
HUT
HUTT
HUTTEN
HUTTENMEISTER
HUTTERER
HUTTERIN
HUTTHURM
HUTTING
HUTTLER
HUTTRER
HYDROPS
IBID
IBIDE
IBIDEM
IDEM
IES
IGGENSBACH
IGLBACH
IGNAT
IGNATII
IGNATZ
IGNAZ
IGTMUS
IHME
IHR
IHREM
IHRSHAIM
IHRSHAIMB
II
III
ILG
ILGIN
ILL
ILLE
ILLEG
ILLEGIT
ILLEGITIMA
ILLEGITIMI
ILLEGTIMA
ILLG
ILLGITIMA
ILLGTIMA
ILLGTIMI
ILLGTMUS
ILLIBAUR
ILZSTADT
IM
IMMATRICULATUS
IMPED
IMPEDI
IMPROVISE
IN
INC
INCO
INCOL
INCOLA
INCOLAE
INCOLISSA
INCORPORIERT
IND
INDRINGER
INFANS
INFANTES
ING
INGER
INHALTSVERZEICHNISS
INIVIT
INLINUS
INNSTRASSE
INNVIERTEL
INNVIERTL
INQUILINUS
INSTRASSE
INTER
INVENTA
INW
INWOH
INWOHN
INWOHNER
INWOHNERIN
INWOHNERINN
INWOHNERS
INWOHNERSKIND
INWOHNERSSOHN
INWOHNERSTOCH
INWOHNERSTOCHTER
INZING
IOAN
IOANNIS
IRCHING
IRLEN
IRLENGER
IRLESBERG
IRLINGER
IRLINGERIN
IRRLSPERG
ISABELLA
ISACK
ISIDOR
IST
ISTA
IULIUS
IUNIO
IV
IX
JACHER
JACHS
JACO
JACOB
JACOBI
JACOBUS
JAEGERBAUER
JAENER
JAENNER
JAHERSTARFFER
JAHR
JAHRE
JAHRES
JAHRS
JAK
JAKOB
JAN
JANER
JANN
JANNER
JANU
JANUAR
JANUARII
JANUARIO
JANUARIUS
JANUARY
JARS
JBMOSSHERR
JCASPAR
JEG
JEGER
JEGND
JEGNDARF
JELLNER
JELS
JENER
JESUITENHOF
JESV
JETZT
JFEICHT
JNZINGER
JO
JOA
JOAN
JOANES
JOANN
JOANNAE
JOANNEM
JOANNES
JOANNIS
JOAS
JOCHRIEM
JODELBAUER
JOES
JOH
JOHA
JOHAN
JOHANA
JOHANN
JOHANNA
JONER
JORG
JORGEN
JOS
JOSEF
JOSEPH
JOSEPHA
JOSEPHI
JOSEPHRESCH
JOSEPHUS
JUB
JUD
JUDENFEUNDTIN
JUL
JULBACH
JULI
JULIANA
JULII
JULIUS
JULY
JUNG
JUNGEN
JUNGER
JUNGWIRTH
JUNI
JUNII
JUNIUS
JUNKHFRAU
JUNY
JURIS
JUSTINA
JUSTINAE
JUXTA
JVLIVS
JVNIVS
KAFER
KAFERDING
KAGERER
KAGERIN
KAININ
KAINING
KAINZ
KAINZIN
KAISER
KALBERWAID
KALL
KALTENBRUNER
KALTENEDER
KAMER
KAMERWETZDORF
KAMERWETZDORL
KANDELBINDER
KANDLBINDER
KANDLER
KAPF
KAPFELSPERGER
KAPFHAM
KAPHAM
KAPLAN
KARGL
KARL
KARO
KAROLINA
KAROSSA
KARPFHAM
KARRERSTOCHTERS
KASBEIZER
KASBERGER
KASE
KASER
KASHOF
KASPAR
KASSTECHER
KASTENMAYR
KATARRH
KATARRHFIEBER
KATH
KATHA
KATHAR
KATHARINA
KATHARINAM
KATHARR
KATHL
KATHOL
KATHOLISCH
KATZELBERGERIN
KATZEN
KATZENDORF
KDGN
KECHERBAUR
KECKEN
KECKH
KELCHHAM
KELLER
KELLERMAN
KELLERMANN
KELLNER
KEN
KENETEN
KENNEDER
KENNETER
KENNETERS
KENNETTEN
KENNETTER
KENNOTTEN
KERBL
KERN
KERSCH
KEUCHHUSTEN
KGL
KHAPFHAIM
KHASER
KHASSBERGERIN
KHEINDLIN
KHIBLBOKHIN
KHIERCHERPFAR
KHIRCHBERG
KHIRCHBERGER
KHIRCHBERGERS
KHIRCHDORF
KHIRCHHAIMB
KHITL
KHITLIN
KHLAMPFLS
KHLEEHAM
KHLISSENBAUERIN
KHLISSENBAUR
KHOPLHOF
KHRAPL
KHREN
KHRENIN
KHRIEGL
KHROISSSIN
KHUM
KHUMSCHIER
KIBL
KIENZLMUHL
KIERMAIR
KIERMAYR
KIESSMER
KILBACH
KILIAN
KILLIAN
KIM
KIMERING
KIMERINGER
KIMINGER
KINATEDER
KIND
KINDER
KINDES
KINDT
KIRCH
KIRCHBERG
KIRCHECKER
KIRCHEN
KIRCHER
KIRCHHAIM
KIRCHHAIMER
KIRCHHAM
KIRCHL
KIRSCHBAUM
KIRSCHNER
KITTL
KLAFFER
KLAFFERSTRASS
KLAFFERSTRASSE
KLAIN
KLAMPFL
KLARA
KLEINBAUER
KLEINGSENGET
KLEINGUTLER
KLEINGUTLERS
KLEINGUTLERSSOHN
KLEINPHI
KLEINPHILIPPS
KLEUBER
KLINGEN
KLINGENPECKH
KLINGER
KLINGERG
KLOIBER
KLOSNER
KLOSSINGEN
KLUGERIN
KNABE
KNABL
KNABLEIN
KNAUS
KNAUSTENS
KNECHT
KNEISTING
KNO
KNODLS
KNODLSED
KNODLSEDER
KNOGLER
KNOLLMULLER
KNON
KOADJ
KOBER
KOBERL
KOCH
KOCHIN
KOCK
KOCKEIS
KOHLER
KOHLHOFER
KOK
KOL
KOLBIN
KOLBINGER
KOLBL
KOLERIN
KOLLBERG
KOLLENBERG
KOLLER
KOLLERSCHLAG
KOLLHOVER
KOLLMERING
KOLLNBERG
KOLLREITER
KOLMARING
KOLMERING
KOMPLEITNER
KONE
KONEDER
KONIG
KONIGSEDER
KOOP
KOOPERATOR
KOPER
KOPFELSPERGER
KOPLHOFF
KOPLMUHL
KOPPENREITH
KOPPENREUT
KOPPER
KORBER
KORDONIST
KORKUSHUTTE
KORNELLI
KORNEXEL
KORONA
KOSEPH
KOSSL
KOSSLARN
KOSSLBAUER
KOTTER
KOYER
KRAFT
KRALING
KRALL
KRALLINGER
KRAMER
KRAMERIN
KRAMERS
KRAMERTMAN
KRANKEN
KRANKENHAUS
KRANKHEIT
KRANKUNG
KRAUS
KRAUT
KRAUTLOHER
KREBS
KREINER
KREN
KRENLEITHNER
KRENN
KRESC
KRESCENTIA
KRESCENZ
KRESSING
KRESZENTIA
KRESZENZ
KREUZBERG
KREUZER
KRHEN
KRI
KRIEG
KRIEGER
KRIEGHAU
KRIEGWALD
KRININGER
KRISTOPH
KRISTORF
KROISS
KRON
KRONA
KRONACKER
KRONAWITTER
KRONBERGER
KRONPASS
KROPF
KROPFMUHLE
KROPNER
KROTTENTHALLER
KRUCKHENPEUNT
KRUGL
KRUMPENDOBLER
KRUNINGER
KRUZEN
KRZBERG
KSAPAR
KUENINGER
KUFFING
KUFFNER
KUFING
KUFNER
KUHWEID
KUMREUT
KUNDIGUNGEN
KUNFTIGER
KUNIGUN
KUNKL
KURZ
KURZIN
KUSSER
LA
LABERMAIER
LACK
LACKEN
LACKENHAU
LACKENHAUSER
LACKENHAUSERN
LADENBUBEN
LAHMUNG
LAMBACH
LAN
LANDARZT
LANDAU
LANDAUERS
LANDG
LANDGE
LANDGERICH
LANDGERICHT
LANDGHT
LANDH
LANDSHUTER
LANG
LANGEN
LANGENECK
LANGENGRABEN
LANGENLEBENHOF
LANGGRABEN
LANGIN
LANGL
LANGLSS
LANGRAIN
LANNG
LANNGENGRABEN
LANZ
LANZESBERG
LAPTERING
LARENZ
LARII
LATUS
LAUBMAYR
LAUFFETEN
LAURA
LAUREN
LAURENTI
LAURENTII
LAURENTIUS
LAUS
LAUT
LAUTENSCHLOGER
LDG
LDGER
LDGHT
LDGR
LDGRCHT
LDGSHT
LDHT
LE
LEB
LEBEN
LEBEND
LEBENDEN
LEBENDIG
LEBER
LEBERLEIDEN
LEBL
LECHNER
LECHNERS
LED
LEDERING
LEDERTHALER
LEDIG
LEDIGE
LEDIGER
LEDIGIMIERT
LEDIGSS
LEEB
LEG
LEGI
LEGIT
LEGITIMA
LEGITIMAM
LEGITIMI
LEGITIMUS
LEGTMA
LEGTMUS
LEHNER
LEHNERGUT
LEHNERIN
LEHRER
LEHRERS
LEIBSCHADEN
LEICHTE
LEIHING
LEIN
LEINWOBERS
LEITHEN
LEITHNER
LEITNER
LEITNERINN
LEITNERS
LEIZIN
LEMBERG
LEN
LENA
LENAE
LENGAUERIN
LENGDOBLER
LENGER
LENTNER
LENZ
LENZINGER
LENZINGERBERG
LEON
LEONARDI
LEONARDTS
LEONH
LEONHARD
LEONHARDT
LEONHART
LEONHARTEN
LEOP
LEOPIR
LEOPIRMUL
LEOPOLD
LEOPOLDO
LEOPOLDUS
LEOPOLTSREUT
LEOPRECHTING
LER
LERGER
LERIN
LERS
LERSREITH
LERSTOCHER
LESTEN
LETMA
LETMUS
LETTHZELTERS
LETZTE
LETZTEN
LETZTEREN
LEUTNER
LEV
LEVANS
LEZSTEN
LEZTE
LEZTEN
LGHRT
LGTIMA
LGTIMUS
LGTMA
LGTMUS
LICENZ
LICHTEN
LICHTENAU
LICHTENAUER
LICTORIS
LIDL
LIE
LIEBENWEIN
LIEBHART
LIEBL
LIEBLIN
LIEBLMUHLE
LIECHTENAUER
LIECHTENREITTER
LIENDL
LIG
LIGEN
LIGNARIUS
LINA
LIND
LINDA
LINDEN
LINDER
LINDINGER
LINDNER
LINGER
LINN
LINSMAIR
LIPPSREUT
LIZENS
LIZENZ
LL
LOBEN
LOBENSTEIN
LOBNSTAIN
LOCI
LOCO
LOCUS
LOEPIRMUL
LOFFLER
LOHER
LOHERPAUR
LOHNER
LOHNERS
LOHNERSTOCHTER
LOHR
LOIBEL
LOIBL
LOIBLIN
LOIBLINN
LOIPFERING
LORENZ
LORENZEN
LOSERGUETH
LOTA
LOTUS
LT
LUCAS
LUCIA
LUCKNER
LUDI
LUDIMAGISTER
LUDW
LUDWIG
LUGER
LUIPFERING
LUNGENLAHMUNG
LUNGENLEIDEN
LUNGENSCHWINDSUCHT
LUNGENSUCHT
LUSTIN
LUTHERANA
LUTHERANER
LUTHERISCHER
MA
MACHER
MACHL
MACK
MACKERMEISTER
MACROBIUS
MADCH
MADCHEN
MADER
MADERER
MADERIN
MADGA
MADL
MADLINN
MAGD
MAGDA
MAGDAL
MAGDALE
MAGDALEN
MAGDALENA
MAGDALENAE
MAGDALENANNA
MAGDL
MAGENVER
MAGER
MAGERIN
MAGISTER
MAHLER
MAI
MAIA
MAIAE
MAIER
MAIGODTERIN
MAII
MAIR
MAIRHOF
MAIRHOFER
MAIRHOFERIN
MAIRIN
MAIS
MAISBACH
MAISENBERGER
MAISS
MAISTER
MAIUS
MAIVS
MAJO
MAJUS
MAL
MALAUTENSCHLAGERIN
MALCH
MALCHIN
MALCHING
MALGERSAMB
MALGERSTARF
MALGERSTARFFER
MALGERTSH
MALGERTSHAM
MALLERS
MALZMUHL
MAN
MANDL
MANDLING
MANE
MANES
MANN
MANNA
MANNER
MANNES
MANNS
MANSDORF
MAR
MARASMUS
MARCHETSREITH
MARCHSTALLERIN
MARCKHL
MARCUS
MARG
MARGA
MARGAR
MARGARETA
MARGARETH
MARGARETHA
MARGARETHAE
MARGARETHAM
MARGARETTAE
MARGARETTENTAG
MARGARITHA
MARGRET
MARGRETA
MARI
MARIA
MARIAE
MARIANNA
MARIANNINN
MARIE
MARITUS
MARKL
MARKTHSCHREIBEREN
MARKUS
MARKUSREUT
MAROARETHA
MARTHA
MARTHIN
MARTHINUS
MARTI
MARTII
MARTIN
MARTINA
MARTINI
MARTINUS
MARTIO
MARTIUS
MARTY
MARZ
MARZING
MASERING
MASERN
MAT
MATER
MATH
MATHAEUS
MATHAUS
MATHEI
MATHEISIN
MATHEUS
MATHEUSEN
MATHI
MATHIAE
MATHIAS
MATHILDE
MATHUS
MATIN
MATINI
MATR
MATRICA
MATRIKEL
MATRIMONIUM
MATRO
MATTHAEUS
MATTHAUS
MATTHIAE
MATTHIAS
MATTLENDLIN
MAU
MAUER
MAUERER
MAUERERS
MAUERMAISTER
MAURER
MAURERGE
MAURERMEISTER
MAURERSTOCHTER
MAUSL
MAX
MAXIMILIAN
MAXIMILIANUS
MAXN
MAY
MAYBERG
MAYER
MAYERHOFER
MAYR
MAYRHOF
MAYRHOFER
MAYRHOFERINN
MAYRHOVER
MAYRIN
MAYRINN
MCLARA
MDCXXVII
ME
MEHL
MEHR
MEIER
MEINDL
MEINDLIN
MEISENBERGER
MEISTER
MELBACH
MELBLER
MELCHILDAS
MELCHIOR
MELCHIORN
MELL
MEN
MENDICABULU
MENS
MENSCH
MENSE
MENSES
MENSIS
MENTER
MENTIS
MER
MERIN
MERPFAR
MERSCHWANG
MERT
MESMER
MESNER
MESNERIN
MESSE
MESSERKLINGER
MESSM
MESSMER
MESSNER
MESURAIIA
METZGERS
MEZGER
MEZGERS
MEZLING
MEZSGER
MGASTIS
MICH
MICHAEL
MICHAELE
MICHAELEN
MICHAELIS
MICHAELS
MICHAL
MICHEL
MICHELS
MICHL
MIELLEITNER
MILANDERLSS
MILLEIT
MILLER
MILNER
MILNERIN
MILPAURN
MINGER
MINISTER
MINSING
MINSSING
MIRKINGER
MIRTL
MIRTLBAUER
MIT
MITTAG
MITTAGS
MITTER
MITTERBRUNST
MITTERHAM
MITTERHOFER
MITTERHOFERS
MITTERHUBER
MITTERMAIER
MITTERMAIR
MITTERMAIRIN
MITTERMAYREN
MITTERMUHLE
MITTERN
MITTERNDORF
MITTERS
MITTERSASSS
MITTERWALLNER
MITTGS
MITTICH
MOATLENDEL
MOLITOR
MOLITORIS
MOLITORIX
MOLITRIX
MOLLITOR
MON
MONASTERIUM
MONAT
MONATE
MONATH
MONATS
MONGINGERIN
MONICA
MONTE
MOOS
MOOSBAUER
MOOSER
MORG
MORGEN
MORGENS
MORITZ
MORITZN
MORIZ
MORIZEN
MORTUA
MORTUUS
MOSER
MOSERIN
MOSHAMER
MOSHAMMER
MOSMILL
MOSMILLERIN
MOSS
MOSSER
MOSSERIN
MOSSHERR
MOSSHOLZER
MOTZLING
MOW
MUHL
MUHLBAUER
MUHLE
MUHLER
MUHLERS
MUHLERSKIND
MUHLHAM
MUHLHAMMUHLE
MUHLSCHUSTER
MUHRIN
MUL
MULLER
MULLERIN
MULLERINN
MULLERS
MULLERSKINDER
MULLERSS
MULLERSTOCHTER
MULLHUBER
MUNCHEN
MUNDL
MUNITA
MUNITUS
MUNSING
MUNSTER
MURARII
MURIUS
MUT
MUTTENHAM
MUTTENHAMER
MUTTER
MUTTERN
N65
NA
NACH
NACHGELASNER
NACHM
NACHMIT
NACHMITTAG
NACHMITTAGS
NACHSEN
NACHSENDORFER
NACHST
NACHT
NACHTS
NADERIN
NAGEL
NAGELGUT
NAGL
NAHERIN
NAHRGS
NAHRUNGS
NAHRUNGSM
NAHRUNGSMAN
NAHRUNGSMANN
NAHRUNGSNIES
NAHRUNGSNIESSER
NAHRUNGSNIESSERIN
NAHRUNGSNUSSERIN
NAHRUNGSW
NAHRUNGSWEIB
NAME
NAMEN
NAMENS
NAMERING
NARUNGM
NAT
NATA
NATI
NATURL
NATURLICH
NAU
NB
NE
NEBAUER
NEBLING
NEBOTHER
NEDER
NEIGERTHAM
NEIGERTSH
NEIGERTSHAM
NEIGGERTSAM
NEISS
NEISSINN
NEISSS
NEN
NEP
NEPOMUCENUS
NEPPEREN
NER
NERIN
NERINN
NEROWITZINN
NERS
NERSTOCHT
NERVENFIEBER
NERVENSCHLAG
NES
NESSELBACH
NETTEN
NEU
NEUBAUER
NEUBURG
NEUDORFER
NEUHAUS
NEUHAUSMUHL
NEUHOFEN
NEUKIRCHEN
NEULINGER
NEUMAIR
NEUMARKT
NEUMILLER
NEUOTTING
NEUREICHENAU
NEUREITH
NEUREUT
NEUSESSING
NEYLING
NEYMARCKH
NICOL
NICOLAUS
NIDERHOHOLZER
NIDERNHAUSER
NIEDER
NIEDERALTEICH
NIEDERBAUER
NIEDERHAIZING
NIEDERHAM
NIEDERINDLING
NIEDERMAYR
NIEDERMEIER
NIEDERPRETZ
NIESSER
NIKOLA
NIKOLAUS
NINGER
NIRSCHING
NO
NOBAUER
NOBEMBER
NOBETER
NOCH
NOCT
NOE
NOIE
NOMINATI
NONO
NORBERT
NOSTRI
NOTA
NOTARIUS
NOTHBURGA
NOTHG
NOTHGET
NOTHGETAUFT
NOTHGETAUFTER
NOTHGETAUFTES
NOV
NOVB
NOVBR
NOVEMB
NOVEMBER
NOVEMBR
NOVEMBRIS
NOVMB
NR
NRA
NRO
NT
NULLIUS
NUM
NUMER
NUMMER
NUN
NUNTIATIONEN
NUPTIA
NUPTIAE
NURN
NUS
NUSPAMB
NUSSBAUM
NUSSER
NUSSERINN
NUSSSERIN
OB
OBEN
OBER
OBERDIETFURT
OBEREDER
OBEREGING
OBERGOLLING
OBERHAUSS
OBERHUBERISCHEEN
OBERHUEBER
OBERHUEBERIN
OBERLANDT
OBERLEITNER
OBERM
OBERMAI
OBERMAIER
OBERMAIR
OBERMANIN
OBERMAYR
OBERMULLER
OBERN
OBERNAMERING
OBERNDORF
OBERNDORFF
OBERNDORFFER
OBERNDORFFERS
OBERNDORFFERSS
OBERNE
OBERNEDER
OBERNEDERINN
OBERNESCHLBACH
OBERNEUSTIFT
OBERNGSCHAIDT
OBERNHURNEREN
OBERNPOLLING
OBERNSALPERG
OBERPOLLING
OBERSEILBERG
OBERWIMER
OBGEDACHT
OBGEMELTEN
OBIIT
OBMUHLE
OBSTETR
OBSTETRICE
OBYT
OCKH
OCT
OCTBER
OCTBR
OCTOB
OCTOBER
OCTOBRIS
OD
ODEN
ODER
ODERER
OED
OELLER
OELLPRECHTINGER
OES
OESTERREICH
OESTERREICHISCHEN
OEZINGERIN
OFFENLACH
OH
OHNE
OHNGEACHTET
OIA
OK
OKT
OKTB
OKTBER
OKTBR
OKTOB
OKTOBER
OLLER
OLTFOLDERN
OLTFOLTERN
OP
ORD
ORDIN
ORDINAR
ORDINARIO
ORT
ORTH
ORTHBAUERS
ORTMAIER
ORTNER
OSBALDUS
OSTEN
OSTERER
OSTERMAYR
OSW
OSWALD
OTTENBERG
OTTERS
OTTERSKHIRCHEN
OTTERSKIRCHEN
OTTERSSKHIRCHEN
OTTILIA
OTTING
OTTLL
OTTMAYR
OTTO
PACH
PADER
PADERIN
PADUA
PAG
PALAUFNS
PAMBGERNEEN
PAMERSREITER
PANGRATZ
PANGRAZ
PANKRATZ
PANNDL
PAR
PARENS
PARENTATA
PARENTES
PARENTU
PAROCH
PAROCHIAM
PAROCHUS
PARTL
PARVAE
PARVVLORVM
PASCHAE
PASERDING
PASL
PASS
PASSAU
PASSAUER
PASSERDING
PASTER
PASTORIS
PAT
PATER
PATR
PATRI
PATRINA
PATRINI
PATRINUS
PATRIS
PATRIT
PAUER
PAUL
PAULI
PAULUM
PAULUS
PAULUSEN
PAULUSMUHLE
PAULUSS
PAUMAN
PAUMBGARDTNER
PAUMGART
PAUMGARTNER
PAUMGARTNERS
PAUR
PAURN
PAURNS
PAUS
PAWER
PEIGARTING
PEINSHOF
PEISLAWERIN
PELL
PEMISCH
PER
PERACHER
PERG
PERGER
PERINGER
PERLESEDT
PERLESOD
PERLESREITH
PERLESREUT
PERLESREUTH
PERLESSREITH
PERLING
PERLINGERIN
PERNAWER
PERNECKER
PERNHARDT
PERNWALLNER
PERPETUA
PERTLER
PERTOLIN
PERTUS
PESCHL
PETER
PETERBAUER
PETR
PETRI
PETRU
PETRUS
PETTENMACHER
PEUERIN
PEURIN
PEYERIN
PEYGERTING
PEYRIN
PF
PFAFFENBADER
PFAFFINGER
PFAR
PFARR
PFARREI
PFARRER
PFARRHOFE
PFARRKIRCHEN
PFARRPROV
PFEFFERL
PFEFFERLIN
PFEIFERIN
PFEIFEROD
PFEIFFER
PFEIFFERIN
PFENNIGBACH
PFING
PFIRSINGER
PFLEGSVERWALDTERS
PFOSER
PFR
PFRIENDT
PFRIENDTNER
PFRIENDTNERIN
PFRUNDNERIN
PFUSTERIN
PHILIP
PHILIPP
PHILIPPUS
PHILIPUS
PHTHYSIS
PICHLER
PICTOR
PIECHLBERG
PIERINGER
PILIPPI
PILLINGERIN
PILSL
PILSLIN
PILZ
PILZWEGER
PIMBLING
PIMERL
PIMERLING
PINDER
PINDEREDERIN
PINDTER
PINDTNERS
PINSCHGER
PINZMAYRGUETT
PIRCHEN
PIRCHNER
PIRKA
PISER
PISTOR
PISTORIS
PL
PLAB
PLANK
PLANKHING
PLATTNER
PLATTNERIN
PLEBIS
PLECKENTHAL
PLEIN
PLEINTING
PLENKENREISINGER
PLEUCKHER
PLEUCKHERSTARF
PLOCH
PLOCHL
PLODERL
POCKH
POCKHEN
POCKHENS
POCKING
POESCHL
POESCHLINN
POHLRUTTNER
POLLING
POMOD
POMRD
PONATH
PONGRATZ
POPENBERGER
POPP
PORTNMACHERS
POSTMUN
POT
POTZENBERG
POX
POXLEITNER
POZEREITH
POZERREITH
PRAE
PRAEDICTO
PRAEFATI
PRAES
PRAESAENTIA
PRAESEN
PRAETENDIT
PRAITHEN
PRAITTENLOHN
PRAN
PRANDL
PRANDTL
PRANGER
PRANNDTHUEBERS
PRASS
PRASSREITH
PRASSREUT
PRASSSREITH
PRAUCHSTORFFER
PRECHTL
PREIN
PREINBAUER
PREININGER
PREINTING
PREIS
PREN
PRENZIN
PRENZING
PRESCHLINN
PRESENTIA
PRESSFURT
PRETZ
PREUNDING
PREUNTING
PREVIA
PREYN
PREYNIN
PREZ
PRIESTER
PRIMO
PRINST
PRINZ
PRIUS
PRIV
PRIVATIER
PRIVIGNUS
PRO
PROCL
PROCLAM
PROCLAMA
PROCURATORIS
PROLES
PROLL
PROMAU
PROMBACH
PROMBERGER
PRONFEL
PRONFELDEN
PRONPERGERIN
PROPE
PROSSSREITH
PROTO
PROV
PROVIDENS
PROVIS
PROVISA
PROVISUS
PROZ
PROZEL
PROZL
PRUGG
PRUKHMUHL
PRUMER
PRUMERS
PRUN
PRUNDL
PRUNEREN
PRUNHOLZL
PRUNHUEBER
PRUNST
PRUNTHOBLE
PRURIN
PSALM
PUCH
PUCHNER
PUDICA
PUHRINGER
PUNZ
PURHINGERIN
PURSAGG
PUTZ
PUTZINN
PUTZOD
PVISA
PVISUS
PYRINGER
QUADRANTIS
QUAM
QUARTO
QUI
QUIA
QUICK
QUIDE
QUO
QUONDAM
QUOS
RAAB
RACKH
RACKHESEDER
RADIN
RADT
RAGALLER
RAGAUL
RAGAULL
RAGERN
RAIDLINN
RAIMUND
RAINDL
RAISCHING
RAISTINGER
RAITNER
RAMING
RAMPLINGER
RAN
RANZING
RANZINGER
RAPH
RAPPMANSBG
RAPTMANSPERG
RAST
RASTER
RATH
RATHBERGER
RATHDIENER
RATHS
RATHSMANNS
RATHSMANSDORF
RATZM
RAUCH
RAUSCH
RAUSCHER
RAYM
RAYMUND
RAZEN
RAZENLEITHNER
RAZENLEUTH
RAZER
RAZERSPERGER
RAZINGER
RECESSUM
RECHERBAUR
RECKEL
REDINGERIN
REDINGERS
REDLING
REG
REGIM
REGINA
REGISTER
REGNERIN
REHBERGER
REHDIN
REHDINGER
REHELDING
REHELING
REI
REICHENAU
REICHENBERGER
REICHERTSEDER
REICKERS
REICKERSBERG
REID
REIM
REISCHING
REISCHL
REISER
REISERSBERG
REISINGER
REISPOCKHER
REISS
REISSACH
REISSEL
REISSSERSPERG
REISTING
REIT
REITBERG
REITBERGER
REITER
REITH
REITHMAIR
REITINGER
REITMAR
REITMAYR
RELI
RELICTA
RELICTAM
RELICTUS
RELIGIO
RELIGION
REMESPERGER
REMSPERGERIN
RENHOLDING
REPENTE
REPERG
REQSITIS
RER
RESCH
RESCHAUER
RESCHENS
RETHA
RETTENBERGER
REUDT
REUT
REUTERN
REV
RHAT
RHEINPFALZ
RIA
RICHARD
RICHARDI
RICHT
RICHTER
RICHTERS
RICHTSFELD
RIDL
RIED
RIEDENBERG
RIEDER
RIEDL
RIEDLIN
RIEM
RIEMAYRIN
RIEMERMAISTERS
RIENERIN
RIES
RIEZING
RIGELSBERGER
RIGEN
RIN
RINA
RINAE
RINGL
RINN
RISNER
RITE
RITHA
RITZING
RIZGING
RLGN
ROBERT
ROBL
ROGL
ROH
ROHRBACH
ROHRENBACH
ROHRN
ROHRNBACH
ROIDT
ROLLIN
RORBACH
RORHBACH
RORNING
ROS
ROSA
ROSALIA
ROSALIAE
ROSCHEN
ROSEN
ROSENBER
ROSENBERG
ROSENBERGER
ROSENHAMER
ROSETTI
ROSI
ROSINA
ROSINAE
ROSINAM
ROSMADL
ROSMAIR
ROSS
ROSSBUCHL
ROSSGODERER
ROSSMAIR
ROT
ROTH
ROTHEN
ROTTENBERGER
ROTTENHASLACH
ROTTHAL
ROTTHALM
ROTTHALMUN
ROTTHALMUNSTER
ROTTMAIRHAUSL
ROTZER
ROZING
RSHEIM
RSHEMIUS
RUBERDING
RUBERTING
RUCK
RUCKENMARK
RUCKERT
RUCKH
RUCKING
RUDOLPH
RUEBERTING
RUEBETING
RUEBSAMIN
RUHSTORF
RUKHING
RUMPEN
RUMPENSTADL
RUPERT
RUPERTI
RUPERTUS
RUPRECHT
RUST
RUSTIC
RUSTICA
RUSTICI
RUSTICUS
RUTTHALMUNSTER
SABETHAE
SABINA
SABINAE
SABINAM
SACERDOS
SACKHLTRAGER
SACKHLTRAGERS
SACR
SACRAM
SACRIS
SACRO
SAE
SAEPIUS
SAFFERSTETTEN
SAILER
SALES
SALL
SALLEGG
SALLER
SALOME
SALZGADERN
SALZINGER
SALZMAXL
SALZWEG
SAME
SAMER
SAMMER
SAMMERINN
SAND
SANDBACH
SANDLEN
SANNDPERG
SANNDPERGER
SANNDT
SANNDTNERIN
SANNDTNERS
SANZING
SARA
SARAH
SARTOR
SARTORIS
SATOR
SATTLER
SATTLERMEISTER
SATZBACH
SAUGSPIER
SAUSMUHLE
SAUSPIER
SAUSPIERS
SAUSSMUHL
SAUTNER
SAXIN
SAXINGER
SCHACHNERS
SCHADENHUEBER
SCHADHAM
SCHAERDING
SCHAFBERGER
SCHALLER
SCHALLERIN
SCHALLN
SCHARCH
SCHARDING
SCHAREYSSEN
SCHARINGER
SCHARINGERIN
SCHARLACH
SCHARLACHFIEBER
SCHARRER
SCHARSCHINGER
SCHATZ
SCHAU
SCHAUBERGER
SCHAUENANGER
SCHAUER
SCHAUERIN
SCHEIBELBER
SCHEIBELBERGER
SCHEIBENZUBER
SCHEIBLELBERGER
SCHEIBMILLER
SCHEID
SCHEIDENS
SCHEIFL
SCHEILMILNER
SCHEIN
SCHEINGRA
SCHEINTODT
SCHEIZACH
SCHENAUER
SCHENKEL
SCHERL
SCHERRDING
SCHEUER
SCHEUEREKH
SCHEUFL
SCHEURECKH
SCHEURINGER
SCHEUZACH
SCHEYRECKHER
SCHICKH
SCHIDERIN
SCHIECHL
SCHIEDENEN
SCHIERLINGER
SCHIESSL
SCHIFFMANS
SCHIFFMANSTOCH
SCHILDING
SCHILLER
SCHILLERINN
SCHIM
SCHIMEL
SCHIMELBACH
SCHIMMELBACH
SCHING
SCHINKINGER
SCHIRMERIN
SCHLACHTNEREN
SCHLAFFT
SCHLAG
SCHLAGANFALL
SCHLAGER
SCHLAGFLUSS
SCHLECHTS
SCHLECHTSNAME
SCHLEGL
SCHLEICHERINN
SCHLEIFER
SCHLEIMSCHLAG
SCHLESINGER
SCHLIMER
SCHLINDERN
SCHLINDING
SCHLOGL
SCHLOIDT
SCHLOSSERIN
SCHLOTTERIN
SCHMALHOF
SCHMALHOFER
SCHMALZL
SCHMATZ
SCHMAUS
SCHMEIZL
SCHMI
SCHMID
SCHMIDGESELLE
SCHMIDHUBER
SCHMIDIN
SCHMIDING
SCHMIDINGERS
SCHMIDSS
SCHMIDT
SCHMIDTIN
SCHMIDTOCHT
SCHMIDUNG
SCHMIEDGESELL
SCHMIEDINGER
SCHMOEL
SCHMOLLEIN
SCHMOLLER
SCHMOLZ
SCHMOLZER
SCHMOTZ
SCHMUDTHUEBER
SCHNEIDER
SCHNEIDERGESELL
SCHNEIDERIN
SCHNEIDERINN
SCHNEIDERMAISTER
SCHNEIDERMEISTERIN
SCHNEIDERS
SCHNEIDERSTOCH
SCHNEL
SCHNELL
SCHNELLDORFER
SCHNELLHAM
SCHNITT
SCHNOLLING
SCHNURING
SCHNURRING
SCHOBER
SCHOFFAU
SCHOFFMAISTER
SCHOFFTNERINN
SCHOLAE
SCHOLLER
SCHON
SCHONAUER
SCHONBERGER
SCHONBRUN
SCHONBRUNN
SCHONHARD
SCHONHERR
SCHONPERGERI
SCHOPF
SCHOPFMULLER
SCHOPPER
SCHORNNEDER
SCHORNNEEDT
SCHOTTMANN
SCHRAM
SCHREDER
SCHREI
SCHREINER
SCHREINERMEISTERS
SCHREINERS
SCHREINERSTOCHTER
SCHRIMPF
SCHRO
SCHROCKHINGER
SCHRODER
SCHROGER
SCHROLLINGERS
SCHUB
SCHUELM
SCHUELMAISTEREN
SCHUELMAISTERS
SCHUESTER
SCHUH
SCHUHART
SCHUHMA
SCHUHMAC
SCHUHMACHER
SCHUHMACHERS
SCHUHMACHERSS
SCHULLEHRER
SCHULLEHRERS
SCHULMAISTERS
SCHULZ
SCHUMACHER
SCHUSMANNIN
SCHUSTER
SCHUSTERGASSSEN
SCHUSTERGESEEL
SCHUSTERINN
SCHUSTERSEHELEUTE
SCHUSTERSOHN
SCHUZENBERGER
SCHWAB
SCHWACHE
SCHWALLER
SCHWANZERIN
SCHWAR
SCHWARZ
SCHWARZEN
SCHWARZENBEG
SCHWARZENBERG
SCHWARZFARBER
SCHWARZINN
SCHWED
SCHWEI
SCHWEIBERER
SCHWEINTHALER
SCHWERE
SCHWESTER
SCHWIGER
SCHWINGHAMER
SCHWINGING
SCORBUT
SEB
SEBASIAN
SEBAST
SEBASTIAN
SEBASTIANI
SEBASTIANUM
SEBASTIANUS
SECTA
SECUNDO
SEDLMAIR
SEDLSPERGER
SEE
SEEBACH
SEEL
SEHR
SEI
SEIBALD
SEIBERT
SEIBERTH
SEIDEL
SEIDER
SEIDERER
SEIDERIN
SEIDL
SEIFENSIEDERIN
SEILERIN
SEILERMEISTER
SEIN
SEINE
SEINER
SEINES
SEINING
SEININGEN
SEININGERS
SEINT
SEIT
SEITE
SEITZ
SEKIT
SEKTION
SEL
SELIG
SELIGE
SELIGEN
SELINGHOF
SELL
SELLE
SELLINGHOF
SEMEL
SEN
SEP
SEPEN
SEPPLGUT
SEPT
SEPTBR
SEPTEMB
SEPTEMBER
SEPTEMBRIS
SEPTIMA
SEPTIMO
SEPULT
SEPULTA
SEPULTUS
SEQUENTES
SER
SERIN
SERN
SES
SESLMAIR
SESSING
SEVERINI
SEXTO
SHALCKHSTARF
SHICKHENEDER
SHILDING
SI
SIBILLA
SIBILLAM
SICH
SIEGFRIED
SIG
SIGL
SIGLIN
SIGMUND
SIGMUNDT
SIKLINGER
SILBERBAUER
SILBEREISEN
SILICHNER
SILLING
SILVAM
SILVESTER
SIM
SIMBACH
SIMET
SIMETHIN
SIMETHINN
SIMON
SIMONE
SIMONIS
SIMPACH
SINDL
SINE
SINGERL
SINGERLIN
SISHE
SITZER
SKRIBENTENSSOHN
SNETNAY
SOHN
SOHNE
SOL
SOLASTOD
SOLDAT
SOLDATEN
SOLDEN
SOLDENAU
SOLDENHAIMERS
SOLDNER
SOLDNERINN
SOLDNERS
SOLENNI
SOLLINGERIN
SOLN
SOLNER
SOLNERS
SOLUT
SOLUTA
SOLUTAE
SOLUTI
SOLUTUS
SOLZEL
SOMER
SOMMER
SON
SONAU
SONDORF
SONLEITNER
SONN
SONNAU
SONNLEITNER
SONNTAG
SONSTEN
SONTAG
SOPHIA
SOPHIAE
SOPHIE
SOROR
SOSSING
SOTZLIN
SP
SPAN
SPAT
SPATH
SPELTEN
SPELTENBACH
SPERG
SPERGER
SPIA
SPIELMAN
SPIESS
SPINDLBAUER
SPINDLER
SPITAL
SPITALER
SPITALHOF
SPITHALE
SPIZER
SPOCK
SPOCKH
SPON
SPONS
SPONSA
SPONSAE
SPONSAL
SPONSALIA
SPONSI
SPONSUS
SPRIEDERIN
SPRINGER
SPTEMB
SS
SSENWALD
ST
STADEL
STADL
STADLBAUER
STADLER
STADLERIN
STADLERINN
STADLHUBER
STADT
STADTCOOP
STADTEL
STADTKOOP
STADTPF
STADTPFARR
STADTPFARRER
STADTPFARREY
STADTPFARRKOOP
STADTPFR
STAIN
STAINBICHLER
STAINBICHLERIN
STAINDOBLER
STAINERLAIMBACH
STAINHEIFEL
STAININGER
STAINMEZENS
STAM
STAMBERGER
STAMMLERINN
STAMPFING
STAND
STANDES
STANDT
STANNDT
STANNGERS
STAPHAN
STAPHEL
STARAB
STARB
STARF
STATIM
STATIONSDIE
STATTGEIGERS
STATTLERS
STATTPFARERN
STAUDINGER
STECHER
STEER
STEFAN
STEGER
STEIBEISSS
STEIN
STEINARBEITERSTOCHTER
STEINDL
STEINERLAIMBACH
STEINERLEINBACH
STEINHAUERSSOHN
STEININ
STEINLEITNER
STEINSAILER
STELL
STELLVER
STELLVERT
STELLVERTRE
STELLVERTRET
STELLVERTRETER
STELLVERTRETTER
STELZERINN
STEMPFLIN
STEN
STEPH
STEPHAN
STEPHANI
STEPHANU
STEPHANUS
STER
STERB
STERBAUR
STERBE
STERBEORT
STERIN
STERR
STERRER
STERZL
STETTEN
STETTER
STICH
STICKKATARRH
STIEFSOHN
STIEGL
STIEGLBRUNER
STIIGLER
STITUM
STOCKBAUER
STOCKER
STOCKHINGERIN
STOCKIN
STOCKINGER
STOCKMAYR
STOEGER
STOFFAN
STOGER
STOIBER
STOKHINGER
STOLZING
STORBENEN
STORF
STORFER
STORFERIN
STOTING
STOTTING
STOTZ
STR
STRA
STRAB
STRADBERGER
STRAHBERGER
STRAHBERGERINN
STRALLER
STRAS
STRASS
STRASSBERGER
STRASSE
STRASSER
STRASSERIN
STRASSL
STRASSSER
STRATBERGER
STRAU
STRAUB
STRAUBINGER
STRAUSS
STRAUSSENWALD
STREIF
STRICKER
STRICKERMEI
STRIEDL
STRIGLERIN
STRIXEN
STROBL
STROHSCHUSTER
STRYTZING
STUBLHAU
STUBLHAUSER
STUBLHAUSERM
STUBLHAUSERN
STUBMER
STUDIOSI
STUDIOSUS
STUIBERS
STUMPF
STUNDE
STUNDEN
STURMBSS
STURZES
SU
SUA
SUB
SUBEN
SUBIT
SUBS
SUBSEQ
SUBSEQU
SUBSEQUENS
SUFFOCATA
SUMA
SUMLEITHER
SUNKHLER
SUNKL
SUNT
SUPER
SUPERN
SUPERSTITIS
SUPRA
SUPRAPOSITI
SUS
SUSANA
SUSANNA
SUSANNAE
SUSS
SUTOR
SUTORIS
SUXBER
SUXBERGER
TABELLARIUS
TACTUS
TAG
TAGE
TAGL
TAGLOHNER
TAGLOHNEREN
TAGLOHNERS
TAGLOHNERSTOCHTER
TAGS
TAGWERCHER
TAGWERCKHER
TAGWERCKHERS
TANHAMB
TANN
TANNPOCKH
TANZMEIER
TASCHNER
TAUF
TAUFBUCH
TAUFE
TAUFKIRCHER
TAUFNAME
TAUFPATHEN
TAUFT
TAUFTAG
TAUFZEUGEN
TE
TECHING
TEMP
TEMPUS
TEN
TENBERG
TER
TERER
TERMAIRIN
TERSCH
TERSCHIN
TERTIA
TES
TESTES
TETTEN
TETTENWEIS
TEXTOR
TEXTORIS
TEXTRIX
TH
THADAEUS
THALER
THALHAIM
THALHAIMB
THALHAIMER
THALHAINB
THALLER
THANBERG
THANH
THANHAM
THECKL
THEILT
THEKLA
THEOBAL
THER
THERES
THERESE
THERESIA
THERESIAE
THEUS
THIERARZT
THOBIAS
THOM
THOMA
THOMAE
THOMAN
THOMAS
THOMASSEN
THONER
THOR
THURMANNS
THURNAU
TIEFENBACH
TIEFFENBACH
TIEFSTADT
TIGAMS
TIMUS
TING
TIONEN
TIONIBUS
TISCHLER
TISCHLERMEISTER
TISCHLERSTOCHT
TIUS
TN
TOCH
TOCHING
TOCHT
TOCHTE
TOCHTER
TOCHTERS
TODES
TODT
TODTENGRABER
TODTENGRABERSTOCHTER
TODTGEBOREN
TODTGEBORENES
TODTGEBORNER
TOF
TOMAS
TONNER
TORIS
TOTENGRABER
TOTGEBOREN
TOTTEN
TOTTNAW
TRAHOBL
TRANS
TRASCH
TRAU
TRAUUNG
TRAUUNGS
TRAX
TRAXINGER
TRAXL
TRAXLIN
TREI
TRETER
TRETTER
TREW
TRINIS
TRINIT
TRINITATIS
TRINITTATIS
TROGNREITH
TUBERKULOSE
TUCHMAC
TURKHEIM
TURMANSPANG
TYPHUS
UBER
UEBELSPRINGER
UHR
UHRMANN
UHRMANNINN
ULLERS
ULLERSREITH
ULLRICH
ULM
ULRICH
ULRICHS
ULRICHSREUT
ULTO
UM
UMBUNNDTHUMEDT
UNA
UNCT
UNCTIONE
UNCTIONIS
UNCTOE
UND
UNDT
UNEH
UNEHELICH
UNG
UNGETAUFFTEN
UNIUS
UNND
UNREIFHEIT
UNTEEN
UNTER
UNTERED
UNTEREGING
UNTERHOHEN
UNTERIGLBACH
UNTERKASHOF
UNTERLEIB
UNTERPOLLING
UNTERSTRAHBERGER
UNZEITIG
URBAN
URBANI
URFER
URK
URLFISCHERSTOCHTER
URLHART
URLICHSREUT
URLIN
URMAN
URMANN
URSPERG
URSUL
URSULA
URSULAE
US
UT
UTERUSLEIDEN
UTI
UTTENTHALER
UX
UXOR
UXOREM
UXORIS
VAL
VALENTIN
VALENTINI
VALENTINUS
VALTAN
VASSZIECHERS
VATER
VATERLICHEN
VATERS
VDALERICUS
VDALRICI
VE
VEICHT
VEIT
VEITEN
VEITIN
VEL
VELENTIN
VELTEL
VENDITORIS
VER
VEREHEELICHET
VEREHELICHET
VERHARTUNG
VERHEIR
VERHEIRATET
VERHEIRATH
VERHEIRATHET
VERHEURAT
VERHEURATHET
VERHEYR
VERHEYRATHET
VERK
VERKD
VERKDG
VERKUND
VERKUNDUNG
VERLAG
VERLASNE
VERLASNER
VERLASSNE
VERMAHLT
VERO
VERONICA
VERSCH
VERST
VERSTOR
VERSTORBE
VERSTORBEN
VERSTORBENE
VERSTORBENEN
VERTRET
VERTRETER
VERWALTER
VERWITT
VERWITTIB
VERWITTIBT
VERWITTIBTE
VERWITTIBTER
VERZEICHNISS
VESP
VETITUM
VI
VIA
VICE
VID
VIDE
VIDU
VIDUA
VIDUUS
VIEHANDLER
VIGESIMO
VII
VIII
VIKTOR
VIKTORIA
VIKTUALIENHAND
VILLICI
VILS
VILSED
VILSHO
VILSHOFEN
VILSHOFFEN
VILSHOVEN
VILSHOVIENSIS
VILSMULLERIN
VILSOD
VILSODER
VILSSHOFFEN
VINCENTI
VISCHER
VIT
VITUS
VIV
VIVENTIS
VIVENTIUM
VIVIS
VLRICH
VND
VNDER
VNDERNSALPE
VNND
VO
VOGGENBERG
VOGGENREITER
VOGL
VOGLARN
VOGLER
VOGLIN
VOITMAYR
VOLERSS
VOM
VON
VOR
VORAUER
VORGEMELTEN
VORGENOMEN
VORI
VORIGEN
VORM
VORMIT
VORMITT
VORMITTAG
VORMITTAGS
VORREITHERIN
VRSULA
VXOR
VXURE
WACHTAUFER
WAG
WAGLE
WAGLEE
WAGNER
WAGNERGE
WAGNERIN
WAGNERINN
WAGNERS
WAGNHUEBER
WAIDING
WAINGATTE
WAITZBAUER
WALB
WALBURG
WALBURGA
WALCHSING
WALDING
WALDKIRCHEN
WALINKA
WALKHAEREN
WALKHAMER
WALLNER
WALLNERIN
WALTHAUSER
WALTHOR
WAMBRECHTS
WAN
WANBRECHTSSAMER
WANDLIN
WANN
WARBARA
WART
WASCHINGER
WASER
WASNER
WASSERERSTOCH
WASSERERTOCH
WASSERSUCHT
WASSERWIM
WASSERWIMER
WASSNER
WASTNER
WAXL
WBER
WE
WEBER
WEBERGESELLE
WEBERIN
WEBERINN
WEBERM
WEBERMEISTER
WEBERS
WEBERSTOCHTER
WEFERTING
WEG
WEGERIN
WEGMACHERIN
WEGSCH
WEGSCHEID
WEGSH
WEIB
WEIBES
WEIBS
WEICKERSTORFFER
WEIDENHOF
WEIDING
WEIDINGER
WEIDNHOFFERS
WEIHMORTING
WEILBACH
WEILEDER
WEILLENT
WEINBERGER
WEINGARTLER
WEINGARTNER
WEINHAUSERN
WEINTHALER
WEINWIRTHS
WEIS
WEISS
WEISSBIERWURTHIN
WEISSEN
WEISSGARBERS
WEITENTHALLER
WEITINGER
WELCHEN
WELLIN
WELTL
WELTLI
WELTLICHE
WEM
WENDLBERG
WENDLMUTH
WENDLPERG
WENG
WER
WERCHER
WERN
WESTERB
WESTERBACH
WETZDORL
WEYER
WEYLAND
WEYLANDT
WIBLINGER
WIBMER
WIDERNATURLICH
WIDERSTRASSERIN
WIE
WIELAND
WIENING
WIENINGER
WIENINGERSS
WIERDT
WIES
WIESBOCK
WIESEN
WIESER
WIESING
WIESMAYR
WIESMUHLE
WILH
WILHALM
WILHELM
WILHELMSREUT
WILLEN
WILLERS
WILLERSREIT
WILLERSREITH
WILLERTSBERG
WILLIB
WILLIBALD
WILMERDINGER
WIM
WIMBER
WIMBEREN
WIMBERGER
WIMBERGERIN
WIMBPERG
WIMER
WIMERIN
WIMMER
WIN
WINDORF
WINDORFF
WINDSCHNUR
WINGERSTORF
WINIBERGERIN
WINKELBRUN
WINKELHOFER
WINKHL
WINKHLPRUN
WINKL
WINKLER
WINNHART
WINZER
WIR
WIRRDT
WIRT
WIRTH
WIRTHIN
WIRTHINN
WIRTHSKIND
WIRTHSSOHN
WIRTING
WIRTS
WIRTSFRAU
WISMAYR
WISMUHLE
WISS
WISSHAR
WIT
WITT
WITTER
WITTGASSE
WITTIB
WITTIBER
WITTWE
WITTWER
WITWE
WITWER
WITZELS
WITZIG
WITZMANS
WITZMANSBERG
WO
WOBER
WOBERIN
WOBERS
WOCHE
WOCHEN
WOCHINGER
WOFFGANGUS
WOGINGER
WOHL
WOHNER
WOHNERIN
WOHNERS
WOHNERSTOCHTER
WOHNHAFFT
WOHNORT
WOLF
WOLFEN
WOLFERS
WOLFERSEDER
WOLFF
WOLFFEN
WOLFG
WOLFGANG
WOLFGANGI
WOLFGANGUS
WOLFGG
WOLFGRUBER
WOLFORNEMEN
WOLFSEGGERIN
WOLFST
WOLFSTEIN
WOLKERL
WOLLABERG
WOLLMERING
WOLMARING
WORDEN
WORDTEN
WORLL
WUNDE
WURDE
WURM
WURMANS
WURTH
WURTHIN
WURTHS
WURZERIN
WUSS
WUZL
WUZLSTANNG
XAV
XAVER
XAVERIUS
XBER
XBERG
XBERGER
XBRIS
XELBERGERS
XI
XII
XIII
XIV
XTOPHORI
XV
YRSHEIM
ZACHARIAS
ZAHL
ZAMERPFAR
ZANKHL
ZANKL
ZANTL
ZAUNER
ZECHMAISTER
ZECHMEI
ZEEL
ZEHNTNER
ZEILLER
ZEINDLIN
ZEIT
ZEITLARN
ZELL
ZELLER
ZELLERIN
ZELLNER
ZELPAUER
ZENBERG
ZENGERS
ZENS
ZEUG
ZEUGEN
ZEUGMACHERIN
ZIAL
ZIEHERSKIND
ZIERKNECHT
ZILLNER
ZIMER
ZIMERER
ZIMERGESELL
ZIMERKNECHTS
ZIMERMAN
ZIMERMANN
ZIMERMEISTER
ZIMMERMAN
ZIMMERMANNS
ZING
ZINGER
ZINSBERGER
ZINSBERGEREN
ZIRNFELL
ZIRNHOHL
ZITZELSBERGER
ZOGLAUER
ZOGLAUERIN
ZOIDL
ZOLLAUFSEHER
ZOLLEDER
ZU
ZUE
ZUGESPROCHEN
ZULEHNER
ZUM
ZUMDIGLERIN
ZUNA
ZUNAME
ZUNAMEN
ZUNDG
ZUNDUNG
ZUR
ZUSCHNEIDER
ZWEI
ZWICKLBAUER
ZWICKLOD
ZWILLINGE
ZWINGER
ZZ
